
===========================================================================
 report_power
============================================================================
======================= nom_tt_025C_1v80 Corner ===================================

Group                    Internal    Switching      Leakage        Total
                            Power        Power        Power        Power (Watts)
------------------------------------------------------------------------
Sequential           1.518235e-04 1.163014e-05 4.475608e-10 1.634541e-04  77.0%
Combinational        3.184640e-05 1.684748e-05 7.939078e-10 4.869467e-05  23.0%
Macro                0.000000e+00 0.000000e+00 0.000000e+00 0.000000e+00   0.0%
Pad                  0.000000e+00 0.000000e+00 0.000000e+00 0.000000e+00   0.0%
------------------------------------------------------------------------
Total                1.836699e-04 2.847762e-05 1.241469e-09 2.121488e-04 100.0%
                            86.6%        13.4%         0.0%

