
===========================================================================
 report_power
============================================================================
======================= max_tt_025C_1v80 Corner ===================================

Group                    Internal    Switching      Leakage        Total
                            Power        Power        Power        Power (Watts)
------------------------------------------------------------------------
Sequential           7.272304e-05 2.837392e-06 2.109656e-10 7.556064e-05  44.3%
Combinational        5.199448e-05 4.305849e-05 1.347698e-09 9.505433e-05  55.7%
Macro                0.000000e+00 0.000000e+00 0.000000e+00 0.000000e+00   0.0%
Pad                  0.000000e+00 0.000000e+00 0.000000e+00 0.000000e+00   0.0%
------------------------------------------------------------------------
Total                1.247175e-04 4.589588e-05 1.558663e-09 1.706150e-04 100.0%
                            73.1%        26.9%         0.0%

