
===========================================================================
 report_power
============================================================================
======================= nom_ss_100C_1v60 Corner ===================================

Group                    Internal    Switching      Leakage        Total
                            Power        Power        Power        Power (Watts)
------------------------------------------------------------------------
Sequential           1.162154e-04 3.146110e-06 7.780301e-07 1.201396e-04  46.7%
Combinational        7.482433e-05 6.087443e-05 1.583777e-06 1.372825e-04  53.3%
Macro                0.000000e+00 0.000000e+00 0.000000e+00 0.000000e+00   0.0%
Pad                  0.000000e+00 0.000000e+00 0.000000e+00 0.000000e+00   0.0%
------------------------------------------------------------------------
Total                1.910397e-04 6.402053e-05 2.361805e-06 2.574220e-04 100.0%
                            74.2%        24.9%         0.9%

