
===========================================================================
report_checks -path_delay max (Setup)
============================================================================
======================= nom_tt_025C_1v80 Corner ===================================

Startpoint: _213_ (rising edge-triggered flip-flop clocked by CLK)
Endpoint: fp32_out[21] (output port clocked by CLK)
Path Group: CLK
Path Type: max

Fanout         Cap        Slew       Delay        Time   Description
---------------------------------------------------------------------------------------------
                                  0.000000    0.000000   clock CLK (rise edge)
                                  0.000000    0.000000   clock source latency
    25    0.046925    0.218248    0.149017    0.149017 ^ CLK (in)
                                                         CLK (net)
                      0.218248    0.000000    0.149017 ^ _213_/CLK (sky130_fd_sc_hd__dfxtp_2)
     1    0.033442    0.175410    0.471467    0.620485 ^ _213_/Q (sky130_fd_sc_hd__dfxtp_2)
                                                         fp32_out[21] (net)
                      0.175410    0.000000    0.620485 ^ fp32_out[21] (out)
                                              0.620485   data arrival time

                                 15.000000   15.000000   clock CLK (rise edge)
                                  0.000000   15.000000   clock network delay (propagated)
                                 -0.250000   14.750000   clock uncertainty
                                  0.000000   14.750000   clock reconvergence pessimism
                                 -3.000000   11.750000   output external delay
                                             11.750000   data required time
---------------------------------------------------------------------------------------------
                                             11.750000   data required time
                                             -0.620485   data arrival time
---------------------------------------------------------------------------------------------
                                             11.129516   slack (MET)


Startpoint: _215_ (rising edge-triggered flip-flop clocked by CLK)
Endpoint: fp32_out[22] (output port clocked by CLK)
Path Group: CLK
Path Type: max

Fanout         Cap        Slew       Delay        Time   Description
---------------------------------------------------------------------------------------------
                                  0.000000    0.000000   clock CLK (rise edge)
                                  0.000000    0.000000   clock source latency
    25    0.046925    0.218248    0.149017    0.149017 ^ CLK (in)
                                                         CLK (net)
                      0.218248    0.000000    0.149017 ^ _215_/CLK (sky130_fd_sc_hd__dfxtp_2)
     1    0.033442    0.175410    0.471467    0.620485 ^ _215_/Q (sky130_fd_sc_hd__dfxtp_2)
                                                         fp32_out[22] (net)
                      0.175410    0.000000    0.620485 ^ fp32_out[22] (out)
                                              0.620485   data arrival time

                                 15.000000   15.000000   clock CLK (rise edge)
                                  0.000000   15.000000   clock network delay (propagated)
                                 -0.250000   14.750000   clock uncertainty
                                  0.000000   14.750000   clock reconvergence pessimism
                                 -3.000000   11.750000   output external delay
                                             11.750000   data required time
---------------------------------------------------------------------------------------------
                                             11.750000   data required time
                                             -0.620485   data arrival time
---------------------------------------------------------------------------------------------
                                             11.129516   slack (MET)


Startpoint: _216_ (rising edge-triggered flip-flop clocked by CLK)
Endpoint: fp32_out[23] (output port clocked by CLK)
Path Group: CLK
Path Type: max

Fanout         Cap        Slew       Delay        Time   Description
---------------------------------------------------------------------------------------------
                                  0.000000    0.000000   clock CLK (rise edge)
                                  0.000000    0.000000   clock source latency
    25    0.046925    0.218248    0.149017    0.149017 ^ CLK (in)
                                                         CLK (net)
                      0.218248    0.000000    0.149017 ^ _216_/CLK (sky130_fd_sc_hd__dfxtp_2)
     1    0.033442    0.175410    0.471467    0.620485 ^ _216_/Q (sky130_fd_sc_hd__dfxtp_2)
                                                         fp32_out[23] (net)
                      0.175410    0.000000    0.620485 ^ fp32_out[23] (out)
                                              0.620485   data arrival time

                                 15.000000   15.000000   clock CLK (rise edge)
                                  0.000000   15.000000   clock network delay (propagated)
                                 -0.250000   14.750000   clock uncertainty
                                  0.000000   14.750000   clock reconvergence pessimism
                                 -3.000000   11.750000   output external delay
                                             11.750000   data required time
---------------------------------------------------------------------------------------------
                                             11.750000   data required time
                                             -0.620485   data arrival time
---------------------------------------------------------------------------------------------
                                             11.129516   slack (MET)


Startpoint: _217_ (rising edge-triggered flip-flop clocked by CLK)
Endpoint: fp32_out[24] (output port clocked by CLK)
Path Group: CLK
Path Type: max

Fanout         Cap        Slew       Delay        Time   Description
---------------------------------------------------------------------------------------------
                                  0.000000    0.000000   clock CLK (rise edge)
                                  0.000000    0.000000   clock source latency
    25    0.046925    0.218248    0.149017    0.149017 ^ CLK (in)
                                                         CLK (net)
                      0.218248    0.000000    0.149017 ^ _217_/CLK (sky130_fd_sc_hd__dfxtp_2)
     1    0.033442    0.175410    0.471467    0.620485 ^ _217_/Q (sky130_fd_sc_hd__dfxtp_2)
                                                         fp32_out[24] (net)
                      0.175410    0.000000    0.620485 ^ fp32_out[24] (out)
                                              0.620485   data arrival time

                                 15.000000   15.000000   clock CLK (rise edge)
                                  0.000000   15.000000   clock network delay (propagated)
                                 -0.250000   14.750000   clock uncertainty
                                  0.000000   14.750000   clock reconvergence pessimism
                                 -3.000000   11.750000   output external delay
                                             11.750000   data required time
---------------------------------------------------------------------------------------------
                                             11.750000   data required time
                                             -0.620485   data arrival time
---------------------------------------------------------------------------------------------
                                             11.129516   slack (MET)


Startpoint: _218_ (rising edge-triggered flip-flop clocked by CLK)
Endpoint: fp32_out[25] (output port clocked by CLK)
Path Group: CLK
Path Type: max

Fanout         Cap        Slew       Delay        Time   Description
---------------------------------------------------------------------------------------------
                                  0.000000    0.000000   clock CLK (rise edge)
                                  0.000000    0.000000   clock source latency
    25    0.046925    0.218248    0.149017    0.149017 ^ CLK (in)
                                                         CLK (net)
                      0.218248    0.000000    0.149017 ^ _218_/CLK (sky130_fd_sc_hd__dfxtp_2)
     1    0.033442    0.175410    0.471467    0.620485 ^ _218_/Q (sky130_fd_sc_hd__dfxtp_2)
                                                         fp32_out[25] (net)
                      0.175410    0.000000    0.620485 ^ fp32_out[25] (out)
                                              0.620485   data arrival time

                                 15.000000   15.000000   clock CLK (rise edge)
                                  0.000000   15.000000   clock network delay (propagated)
                                 -0.250000   14.750000   clock uncertainty
                                  0.000000   14.750000   clock reconvergence pessimism
                                 -3.000000   11.750000   output external delay
                                             11.750000   data required time
---------------------------------------------------------------------------------------------
                                             11.750000   data required time
                                             -0.620485   data arrival time
---------------------------------------------------------------------------------------------
                                             11.129516   slack (MET)


Startpoint: _219_ (rising edge-triggered flip-flop clocked by CLK)
Endpoint: fp32_out[26] (output port clocked by CLK)
Path Group: CLK
Path Type: max

Fanout         Cap        Slew       Delay        Time   Description
---------------------------------------------------------------------------------------------
                                  0.000000    0.000000   clock CLK (rise edge)
                                  0.000000    0.000000   clock source latency
    25    0.046925    0.218248    0.149017    0.149017 ^ CLK (in)
                                                         CLK (net)
                      0.218248    0.000000    0.149017 ^ _219_/CLK (sky130_fd_sc_hd__dfxtp_2)
     1    0.033442    0.175410    0.471467    0.620485 ^ _219_/Q (sky130_fd_sc_hd__dfxtp_2)
                                                         fp32_out[26] (net)
                      0.175410    0.000000    0.620485 ^ fp32_out[26] (out)
                                              0.620485   data arrival time

                                 15.000000   15.000000   clock CLK (rise edge)
                                  0.000000   15.000000   clock network delay (propagated)
                                 -0.250000   14.750000   clock uncertainty
                                  0.000000   14.750000   clock reconvergence pessimism
                                 -3.000000   11.750000   output external delay
                                             11.750000   data required time
---------------------------------------------------------------------------------------------
                                             11.750000   data required time
                                             -0.620485   data arrival time
---------------------------------------------------------------------------------------------
                                             11.129516   slack (MET)


Startpoint: _220_ (rising edge-triggered flip-flop clocked by CLK)
Endpoint: fp32_out[27] (output port clocked by CLK)
Path Group: CLK
Path Type: max

Fanout         Cap        Slew       Delay        Time   Description
---------------------------------------------------------------------------------------------
                                  0.000000    0.000000   clock CLK (rise edge)
                                  0.000000    0.000000   clock source latency
    25    0.046925    0.218248    0.149017    0.149017 ^ CLK (in)
                                                         CLK (net)
                      0.218248    0.000000    0.149017 ^ _220_/CLK (sky130_fd_sc_hd__dfxtp_2)
     1    0.033442    0.175410    0.471467    0.620485 ^ _220_/Q (sky130_fd_sc_hd__dfxtp_2)
                                                         fp32_out[27] (net)
                      0.175410    0.000000    0.620485 ^ fp32_out[27] (out)
                                              0.620485   data arrival time

                                 15.000000   15.000000   clock CLK (rise edge)
                                  0.000000   15.000000   clock network delay (propagated)
                                 -0.250000   14.750000   clock uncertainty
                                  0.000000   14.750000   clock reconvergence pessimism
                                 -3.000000   11.750000   output external delay
                                             11.750000   data required time
---------------------------------------------------------------------------------------------
                                             11.750000   data required time
                                             -0.620485   data arrival time
---------------------------------------------------------------------------------------------
                                             11.129516   slack (MET)


Startpoint: _221_ (rising edge-triggered flip-flop clocked by CLK)
Endpoint: fp32_out[28] (output port clocked by CLK)
Path Group: CLK
Path Type: max

Fanout         Cap        Slew       Delay        Time   Description
---------------------------------------------------------------------------------------------
                                  0.000000    0.000000   clock CLK (rise edge)
                                  0.000000    0.000000   clock source latency
    25    0.046925    0.218248    0.149017    0.149017 ^ CLK (in)
                                                         CLK (net)
                      0.218248    0.000000    0.149017 ^ _221_/CLK (sky130_fd_sc_hd__dfxtp_2)
     1    0.033442    0.175410    0.471467    0.620485 ^ _221_/Q (sky130_fd_sc_hd__dfxtp_2)
                                                         fp32_out[28] (net)
                      0.175410    0.000000    0.620485 ^ fp32_out[28] (out)
                                              0.620485   data arrival time

                                 15.000000   15.000000   clock CLK (rise edge)
                                  0.000000   15.000000   clock network delay (propagated)
                                 -0.250000   14.750000   clock uncertainty
                                  0.000000   14.750000   clock reconvergence pessimism
                                 -3.000000   11.750000   output external delay
                                             11.750000   data required time
---------------------------------------------------------------------------------------------
                                             11.750000   data required time
                                             -0.620485   data arrival time
---------------------------------------------------------------------------------------------
                                             11.129516   slack (MET)


Startpoint: _222_ (rising edge-triggered flip-flop clocked by CLK)
Endpoint: fp32_out[29] (output port clocked by CLK)
Path Group: CLK
Path Type: max

Fanout         Cap        Slew       Delay        Time   Description
---------------------------------------------------------------------------------------------
                                  0.000000    0.000000   clock CLK (rise edge)
                                  0.000000    0.000000   clock source latency
    25    0.046925    0.218248    0.149017    0.149017 ^ CLK (in)
                                                         CLK (net)
                      0.218248    0.000000    0.149017 ^ _222_/CLK (sky130_fd_sc_hd__dfxtp_2)
     1    0.033442    0.175410    0.471467    0.620485 ^ _222_/Q (sky130_fd_sc_hd__dfxtp_2)
                                                         fp32_out[29] (net)
                      0.175410    0.000000    0.620485 ^ fp32_out[29] (out)
                                              0.620485   data arrival time

                                 15.000000   15.000000   clock CLK (rise edge)
                                  0.000000   15.000000   clock network delay (propagated)
                                 -0.250000   14.750000   clock uncertainty
                                  0.000000   14.750000   clock reconvergence pessimism
                                 -3.000000   11.750000   output external delay
                                             11.750000   data required time
---------------------------------------------------------------------------------------------
                                             11.750000   data required time
                                             -0.620485   data arrival time
---------------------------------------------------------------------------------------------
                                             11.129516   slack (MET)


Startpoint: _214_ (rising edge-triggered flip-flop clocked by CLK)
Endpoint: fp32_out[30] (output port clocked by CLK)
Path Group: CLK
Path Type: max

Fanout         Cap        Slew       Delay        Time   Description
---------------------------------------------------------------------------------------------
                                  0.000000    0.000000   clock CLK (rise edge)
                                  0.000000    0.000000   clock source latency
    25    0.046925    0.218248    0.149017    0.149017 ^ CLK (in)
                                                         CLK (net)
                      0.218248    0.000000    0.149017 ^ _214_/CLK (sky130_fd_sc_hd__dfxtp_2)
     1    0.033442    0.175410    0.471467    0.620485 ^ _214_/Q (sky130_fd_sc_hd__dfxtp_2)
                                                         fp32_out[30] (net)
                      0.175410    0.000000    0.620485 ^ fp32_out[30] (out)
                                              0.620485   data arrival time

                                 15.000000   15.000000   clock CLK (rise edge)
                                  0.000000   15.000000   clock network delay (propagated)
                                 -0.250000   14.750000   clock uncertainty
                                  0.000000   14.750000   clock reconvergence pessimism
                                 -3.000000   11.750000   output external delay
                                             11.750000   data required time
---------------------------------------------------------------------------------------------
                                             11.750000   data required time
                                             -0.620485   data arrival time
---------------------------------------------------------------------------------------------
                                             11.129516   slack (MET)


Startpoint: _212_ (rising edge-triggered flip-flop clocked by CLK)
Endpoint: fp32_out[31] (output port clocked by CLK)
Path Group: CLK
Path Type: max

Fanout         Cap        Slew       Delay        Time   Description
---------------------------------------------------------------------------------------------
                                  0.000000    0.000000   clock CLK (rise edge)
                                  0.000000    0.000000   clock source latency
    25    0.046925    0.218248    0.149017    0.149017 ^ CLK (in)
                                                         CLK (net)
                      0.218248    0.000000    0.149017 ^ _212_/CLK (sky130_fd_sc_hd__dfxtp_2)
     1    0.033442    0.175410    0.471467    0.620485 ^ _212_/Q (sky130_fd_sc_hd__dfxtp_2)
                                                         fp32_out[31] (net)
                      0.175410    0.000000    0.620485 ^ fp32_out[31] (out)
                                              0.620485   data arrival time

                                 15.000000   15.000000   clock CLK (rise edge)
                                  0.000000   15.000000   clock network delay (propagated)
                                 -0.250000   14.750000   clock uncertainty
                                  0.000000   14.750000   clock reconvergence pessimism
                                 -3.000000   11.750000   output external delay
                                             11.750000   data required time
---------------------------------------------------------------------------------------------
                                             11.750000   data required time
                                             -0.620485   data arrival time
---------------------------------------------------------------------------------------------
                                             11.129516   slack (MET)


Startpoint: RST_N (input port clocked by CLK)
Endpoint: _222_ (rising edge-triggered flip-flop clocked by CLK)
Path Group: CLK
Path Type: max

Fanout         Cap        Slew       Delay        Time   Description
---------------------------------------------------------------------------------------------
                                  0.000000    0.000000   clock CLK (rise edge)
                                  0.000000    0.000000   clock network delay (propagated)
                                  3.000000    3.000000 ^ input external delay
    19    0.029977    0.142178    0.096612    3.096612 ^ RST_N (in)
                                                         RST_N (net)
                      0.142178    0.000000    3.096612 ^ _140_/B1 (sky130_fd_sc_hd__o31a_2)
     2    0.003674    0.041022    0.160329    3.256941 ^ _140_/X (sky130_fd_sc_hd__o31a_2)
                                                         _096_ (net)
                      0.041022    0.000000    3.256941 ^ _154_/A (sky130_fd_sc_hd__buf_1)
     6    0.014444    0.178728    0.171807    3.428748 ^ _154_/X (sky130_fd_sc_hd__buf_1)
                                                         _028_ (net)
                      0.178728    0.000000    3.428748 ^ _183_/C1 (sky130_fd_sc_hd__o221a_2)
     1    0.001674    0.036223    0.195148    3.623896 ^ _183_/X (sky130_fd_sc_hd__o221a_2)
                                                         _010_ (net)
                      0.036223    0.000000    3.623896 ^ _222_/D (sky130_fd_sc_hd__dfxtp_2)
                                              3.623896   data arrival time

                                 15.000000   15.000000   clock CLK (rise edge)
                                  0.000000   15.000000   clock source latency
    25    0.046925    0.218248    0.149017   15.149016 ^ CLK (in)
                                                         CLK (net)
                      0.218248    0.000000   15.149016 ^ _222_/CLK (sky130_fd_sc_hd__dfxtp_2)
                                 -0.250000   14.899016   clock uncertainty
                                  0.000000   14.899016   clock reconvergence pessimism
                                 -0.031270   14.867746   library setup time
                                             14.867746   data required time
---------------------------------------------------------------------------------------------
                                             14.867746   data required time
                                             -3.623896   data arrival time
---------------------------------------------------------------------------------------------
                                             11.243851   slack (MET)


Startpoint: RST_N (input port clocked by CLK)
Endpoint: _219_ (rising edge-triggered flip-flop clocked by CLK)
Path Group: CLK
Path Type: max

Fanout         Cap        Slew       Delay        Time   Description
---------------------------------------------------------------------------------------------
                                  0.000000    0.000000   clock CLK (rise edge)
                                  0.000000    0.000000   clock network delay (propagated)
                                  3.000000    3.000000 ^ input external delay
    19    0.029977    0.142178    0.096612    3.096612 ^ RST_N (in)
                                                         RST_N (net)
                      0.142178    0.000000    3.096612 ^ _140_/B1 (sky130_fd_sc_hd__o31a_2)
     2    0.003674    0.041022    0.160329    3.256941 ^ _140_/X (sky130_fd_sc_hd__o31a_2)
                                                         _096_ (net)
                      0.041022    0.000000    3.256941 ^ _154_/A (sky130_fd_sc_hd__buf_1)
     6    0.014444    0.178728    0.171807    3.428748 ^ _154_/X (sky130_fd_sc_hd__buf_1)
                                                         _028_ (net)
                      0.178728    0.000000    3.428748 ^ _171_/C1 (sky130_fd_sc_hd__o311a_2)
     1    0.001674    0.035695    0.187664    3.616412 ^ _171_/X (sky130_fd_sc_hd__o311a_2)
                                                         _007_ (net)
                      0.035695    0.000000    3.616412 ^ _219_/D (sky130_fd_sc_hd__dfxtp_2)
                                              3.616412   data arrival time

                                 15.000000   15.000000   clock CLK (rise edge)
                                  0.000000   15.000000   clock source latency
    25    0.046925    0.218248    0.149017   15.149016 ^ CLK (in)
                                                         CLK (net)
                      0.218248    0.000000   15.149016 ^ _219_/CLK (sky130_fd_sc_hd__dfxtp_2)
                                 -0.250000   14.899016   clock uncertainty
                                  0.000000   14.899016   clock reconvergence pessimism
                                 -0.031151   14.867866   library setup time
                                             14.867866   data required time
---------------------------------------------------------------------------------------------
                                             14.867866   data required time
                                             -3.616412   data arrival time
---------------------------------------------------------------------------------------------
                                             11.251453   slack (MET)


Startpoint: RST_N (input port clocked by CLK)
Endpoint: _220_ (rising edge-triggered flip-flop clocked by CLK)
Path Group: CLK
Path Type: max

Fanout         Cap        Slew       Delay        Time   Description
---------------------------------------------------------------------------------------------
                                  0.000000    0.000000   clock CLK (rise edge)
                                  0.000000    0.000000   clock network delay (propagated)
                                  3.000000    3.000000 ^ input external delay
    19    0.029977    0.142178    0.096612    3.096612 ^ RST_N (in)
                                                         RST_N (net)
                      0.142178    0.000000    3.096612 ^ _140_/B1 (sky130_fd_sc_hd__o31a_2)
     2    0.003674    0.041022    0.160329    3.256941 ^ _140_/X (sky130_fd_sc_hd__o31a_2)
                                                         _096_ (net)
                      0.041022    0.000000    3.256941 ^ _154_/A (sky130_fd_sc_hd__buf_1)
     6    0.014444    0.178728    0.171807    3.428748 ^ _154_/X (sky130_fd_sc_hd__buf_1)
                                                         _028_ (net)
                      0.178728    0.000000    3.428748 ^ _175_/C1 (sky130_fd_sc_hd__o311a_2)
     1    0.001674    0.035695    0.187664    3.616412 ^ _175_/X (sky130_fd_sc_hd__o311a_2)
                                                         _008_ (net)
                      0.035695    0.000000    3.616412 ^ _220_/D (sky130_fd_sc_hd__dfxtp_2)
                                              3.616412   data arrival time

                                 15.000000   15.000000   clock CLK (rise edge)
                                  0.000000   15.000000   clock source latency
    25    0.046925    0.218248    0.149017   15.149016 ^ CLK (in)
                                                         CLK (net)
                      0.218248    0.000000   15.149016 ^ _220_/CLK (sky130_fd_sc_hd__dfxtp_2)
                                 -0.250000   14.899016   clock uncertainty
                                  0.000000   14.899016   clock reconvergence pessimism
                                 -0.031151   14.867866   library setup time
                                             14.867866   data required time
---------------------------------------------------------------------------------------------
                                             14.867866   data required time
                                             -3.616412   data arrival time
---------------------------------------------------------------------------------------------
                                             11.251453   slack (MET)


Startpoint: RST_N (input port clocked by CLK)
Endpoint: _217_ (rising edge-triggered flip-flop clocked by CLK)
Path Group: CLK
Path Type: max

Fanout         Cap        Slew       Delay        Time   Description
---------------------------------------------------------------------------------------------
                                  0.000000    0.000000   clock CLK (rise edge)
                                  0.000000    0.000000   clock network delay (propagated)
                                  3.000000    3.000000 ^ input external delay
    19    0.029977    0.142178    0.096612    3.096612 ^ RST_N (in)
                                                         RST_N (net)
                      0.142178    0.000000    3.096612 ^ _140_/B1 (sky130_fd_sc_hd__o31a_2)
     2    0.003674    0.041022    0.160329    3.256941 ^ _140_/X (sky130_fd_sc_hd__o31a_2)
                                                         _096_ (net)
                      0.041022    0.000000    3.256941 ^ _154_/A (sky130_fd_sc_hd__buf_1)
     6    0.014444    0.178728    0.171807    3.428748 ^ _154_/X (sky130_fd_sc_hd__buf_1)
                                                         _028_ (net)
                      0.178728    0.000000    3.428748 ^ _155_/C1 (sky130_fd_sc_hd__o211a_2)
     1    0.001674    0.036666    0.187387    3.616136 ^ _155_/X (sky130_fd_sc_hd__o211a_2)
                                                         _005_ (net)
                      0.036666    0.000000    3.616136 ^ _217_/D (sky130_fd_sc_hd__dfxtp_2)
                                              3.616136   data arrival time

                                 15.000000   15.000000   clock CLK (rise edge)
                                  0.000000   15.000000   clock source latency
    25    0.046925    0.218248    0.149017   15.149016 ^ CLK (in)
                                                         CLK (net)
                      0.218248    0.000000   15.149016 ^ _217_/CLK (sky130_fd_sc_hd__dfxtp_2)
                                 -0.250000   14.899016   clock uncertainty
                                  0.000000   14.899016   clock reconvergence pessimism
                                 -0.031370   14.867647   library setup time
                                             14.867647   data required time
---------------------------------------------------------------------------------------------
                                             14.867647   data required time
                                             -3.616136   data arrival time
---------------------------------------------------------------------------------------------
                                             11.251512   slack (MET)


Startpoint: RST_N (input port clocked by CLK)
Endpoint: _218_ (rising edge-triggered flip-flop clocked by CLK)
Path Group: CLK
Path Type: max

Fanout         Cap        Slew       Delay        Time   Description
---------------------------------------------------------------------------------------------
                                  0.000000    0.000000   clock CLK (rise edge)
                                  0.000000    0.000000   clock network delay (propagated)
                                  3.000000    3.000000 ^ input external delay
    19    0.029977    0.142178    0.096612    3.096612 ^ RST_N (in)
                                                         RST_N (net)
                      0.142178    0.000000    3.096612 ^ _140_/B1 (sky130_fd_sc_hd__o31a_2)
     2    0.003674    0.041022    0.160329    3.256941 ^ _140_/X (sky130_fd_sc_hd__o31a_2)
                                                         _096_ (net)
                      0.041022    0.000000    3.256941 ^ _154_/A (sky130_fd_sc_hd__buf_1)
     6    0.014444    0.178728    0.171807    3.428748 ^ _154_/X (sky130_fd_sc_hd__buf_1)
                                                         _028_ (net)
                      0.178728    0.000000    3.428748 ^ _164_/C1 (sky130_fd_sc_hd__o211a_2)
     1    0.001674    0.036666    0.187387    3.616136 ^ _164_/X (sky130_fd_sc_hd__o211a_2)
                                                         _006_ (net)
                      0.036666    0.000000    3.616136 ^ _218_/D (sky130_fd_sc_hd__dfxtp_2)
                                              3.616136   data arrival time

                                 15.000000   15.000000   clock CLK (rise edge)
                                  0.000000   15.000000   clock source latency
    25    0.046925    0.218248    0.149017   15.149016 ^ CLK (in)
                                                         CLK (net)
                      0.218248    0.000000   15.149016 ^ _218_/CLK (sky130_fd_sc_hd__dfxtp_2)
                                 -0.250000   14.899016   clock uncertainty
                                  0.000000   14.899016   clock reconvergence pessimism
                                 -0.031370   14.867647   library setup time
                                             14.867647   data required time
---------------------------------------------------------------------------------------------
                                             14.867647   data required time
                                             -3.616136   data arrival time
---------------------------------------------------------------------------------------------
                                             11.251512   slack (MET)


Startpoint: RST_N (input port clocked by CLK)
Endpoint: _221_ (rising edge-triggered flip-flop clocked by CLK)
Path Group: CLK
Path Type: max

Fanout         Cap        Slew       Delay        Time   Description
---------------------------------------------------------------------------------------------
                                  0.000000    0.000000   clock CLK (rise edge)
                                  0.000000    0.000000   clock network delay (propagated)
                                  3.000000    3.000000 ^ input external delay
    19    0.029977    0.142178    0.096612    3.096612 ^ RST_N (in)
                                                         RST_N (net)
                      0.142178    0.000000    3.096612 ^ _140_/B1 (sky130_fd_sc_hd__o31a_2)
     2    0.003674    0.041022    0.160329    3.256941 ^ _140_/X (sky130_fd_sc_hd__o31a_2)
                                                         _096_ (net)
                      0.041022    0.000000    3.256941 ^ _154_/A (sky130_fd_sc_hd__buf_1)
     6    0.014444    0.178728    0.171807    3.428748 ^ _154_/X (sky130_fd_sc_hd__buf_1)
                                                         _028_ (net)
                      0.178728    0.000000    3.428748 ^ _182_/C1 (sky130_fd_sc_hd__o211a_2)
     1    0.001674    0.036666    0.187387    3.616136 ^ _182_/X (sky130_fd_sc_hd__o211a_2)
                                                         _009_ (net)
                      0.036666    0.000000    3.616136 ^ _221_/D (sky130_fd_sc_hd__dfxtp_2)
                                              3.616136   data arrival time

                                 15.000000   15.000000   clock CLK (rise edge)
                                  0.000000   15.000000   clock source latency
    25    0.046925    0.218248    0.149017   15.149016 ^ CLK (in)
                                                         CLK (net)
                      0.218248    0.000000   15.149016 ^ _221_/CLK (sky130_fd_sc_hd__dfxtp_2)
                                 -0.250000   14.899016   clock uncertainty
                                  0.000000   14.899016   clock reconvergence pessimism
                                 -0.031370   14.867647   library setup time
                                             14.867647   data required time
---------------------------------------------------------------------------------------------
                                             14.867647   data required time
                                             -3.616136   data arrival time
---------------------------------------------------------------------------------------------
                                             11.251512   slack (MET)


Startpoint: RST_N (input port clocked by CLK)
Endpoint: _216_ (rising edge-triggered flip-flop clocked by CLK)
Path Group: CLK
Path Type: max

Fanout         Cap        Slew       Delay        Time   Description
---------------------------------------------------------------------------------------------
                                  0.000000    0.000000   clock CLK (rise edge)
                                  0.000000    0.000000   clock network delay (propagated)
                                  3.000000    3.000000 ^ input external delay
    19    0.029977    0.142178    0.096612    3.096612 ^ RST_N (in)
                                                         RST_N (net)
                      0.142178    0.000000    3.096612 ^ _140_/B1 (sky130_fd_sc_hd__o31a_2)
     2    0.003674    0.041022    0.160329    3.256941 ^ _140_/X (sky130_fd_sc_hd__o31a_2)
                                                         _096_ (net)
                      0.041022    0.000000    3.256941 ^ _144_/A (sky130_fd_sc_hd__and2_2)
     1    0.002191    0.034823    0.118457    3.375398 ^ _144_/X (sky130_fd_sc_hd__and2_2)
                                                         _100_ (net)
                      0.034823    0.000000    3.375398 ^ _145_/A (sky130_fd_sc_hd__buf_1)
     1    0.001674    0.033052    0.067846    3.443244 ^ _145_/X (sky130_fd_sc_hd__buf_1)
                                                         _004_ (net)
                      0.033052    0.000000    3.443244 ^ _216_/D (sky130_fd_sc_hd__dfxtp_2)
                                              3.443244   data arrival time

                                 15.000000   15.000000   clock CLK (rise edge)
                                  0.000000   15.000000   clock source latency
    25    0.046925    0.218248    0.149017   15.149016 ^ CLK (in)
                                                         CLK (net)
                      0.218248    0.000000   15.149016 ^ _216_/CLK (sky130_fd_sc_hd__dfxtp_2)
                                 -0.250000   14.899016   clock uncertainty
                                  0.000000   14.899016   clock reconvergence pessimism
                                 -0.030556   14.868461   library setup time
                                             14.868461   data required time
---------------------------------------------------------------------------------------------
                                             14.868461   data required time
                                             -3.443244   data arrival time
---------------------------------------------------------------------------------------------
                                             11.425217   slack (MET)


Startpoint: RST_N (input port clocked by CLK)
Endpoint: _213_ (rising edge-triggered flip-flop clocked by CLK)
Path Group: CLK
Path Type: max

Fanout         Cap        Slew       Delay        Time   Description
---------------------------------------------------------------------------------------------
                                  0.000000    0.000000   clock CLK (rise edge)
                                  0.000000    0.000000   clock network delay (propagated)
                                  3.000000    3.000000 ^ input external delay
    19    0.029977    0.142178    0.096612    3.096612 ^ RST_N (in)
                                                         RST_N (net)
                      0.142178    0.000000    3.096612 ^ _110_/A (sky130_fd_sc_hd__and3_2)
     1    0.002191    0.040191    0.181380    3.277992 ^ _110_/X (sky130_fd_sc_hd__and3_2)
                                                         _069_ (net)
                      0.040191    0.000000    3.277992 ^ _111_/A (sky130_fd_sc_hd__buf_1)
     1    0.001674    0.033065    0.069718    3.347710 ^ _111_/X (sky130_fd_sc_hd__buf_1)
                                                         _001_ (net)
                      0.033065    0.000000    3.347710 ^ _213_/D (sky130_fd_sc_hd__dfxtp_2)
                                              3.347710   data arrival time

                                 15.000000   15.000000   clock CLK (rise edge)
                                  0.000000   15.000000   clock source latency
    25    0.046925    0.218248    0.149017   15.149016 ^ CLK (in)
                                                         CLK (net)
                      0.218248    0.000000   15.149016 ^ _213_/CLK (sky130_fd_sc_hd__dfxtp_2)
                                 -0.250000   14.899016   clock uncertainty
                                  0.000000   14.899016   clock reconvergence pessimism
                                 -0.030559   14.868458   library setup time
                                             14.868458   data required time
---------------------------------------------------------------------------------------------
                                             14.868458   data required time
                                             -3.347710   data arrival time
---------------------------------------------------------------------------------------------
                                             11.520748   slack (MET)


Startpoint: RST_N (input port clocked by CLK)
Endpoint: _214_ (rising edge-triggered flip-flop clocked by CLK)
Path Group: CLK
Path Type: max

Fanout         Cap        Slew       Delay        Time   Description
---------------------------------------------------------------------------------------------
                                  0.000000    0.000000   clock CLK (rise edge)
                                  0.000000    0.000000   clock network delay (propagated)
                                  3.000000    3.000000 ^ input external delay
    19    0.029977    0.142178    0.096612    3.096612 ^ RST_N (in)
                                                         RST_N (net)
                      0.142178    0.000000    3.096612 ^ _137_/A (sky130_fd_sc_hd__and3_2)
     1    0.002191    0.040191    0.181380    3.277992 ^ _137_/X (sky130_fd_sc_hd__and3_2)
                                                         _095_ (net)
                      0.040191    0.000000    3.277992 ^ _138_/A (sky130_fd_sc_hd__buf_1)
     1    0.001674    0.033065    0.069718    3.347710 ^ _138_/X (sky130_fd_sc_hd__buf_1)
                                                         _002_ (net)
                      0.033065    0.000000    3.347710 ^ _214_/D (sky130_fd_sc_hd__dfxtp_2)
                                              3.347710   data arrival time

                                 15.000000   15.000000   clock CLK (rise edge)
                                  0.000000   15.000000   clock source latency
    25    0.046925    0.218248    0.149017   15.149016 ^ CLK (in)
                                                         CLK (net)
                      0.218248    0.000000   15.149016 ^ _214_/CLK (sky130_fd_sc_hd__dfxtp_2)
                                 -0.250000   14.899016   clock uncertainty
                                  0.000000   14.899016   clock reconvergence pessimism
                                 -0.030559   14.868458   library setup time
                                             14.868458   data required time
---------------------------------------------------------------------------------------------
                                             14.868458   data required time
                                             -3.347710   data arrival time
---------------------------------------------------------------------------------------------
                                             11.520748   slack (MET)


Startpoint: RST_N (input port clocked by CLK)
Endpoint: _212_ (rising edge-triggered flip-flop clocked by CLK)
Path Group: CLK
Path Type: max

Fanout         Cap        Slew       Delay        Time   Description
---------------------------------------------------------------------------------------------
                                  0.000000    0.000000   clock CLK (rise edge)
                                  0.000000    0.000000   clock network delay (propagated)
                                  3.000000    3.000000 v input external delay
    19    0.028602    0.064663    0.045741    3.045741 v RST_N (in)
                                                         RST_N (net)
                      0.064663    0.000000    3.045741 v _106_/A (sky130_fd_sc_hd__and2_2)
     1    0.002015    0.034770    0.167271    3.213012 v _106_/X (sky130_fd_sc_hd__and2_2)
                                                         _066_ (net)
                      0.034770    0.000000    3.213012 v _107_/A (sky130_fd_sc_hd__buf_1)
     1    0.001681    0.021554    0.076766    3.289778 v _107_/X (sky130_fd_sc_hd__buf_1)
                                                         _000_ (net)
                      0.021554    0.000000    3.289778 v _212_/D (sky130_fd_sc_hd__dfxtp_2)
                                              3.289778   data arrival time

                                 15.000000   15.000000   clock CLK (rise edge)
                                  0.000000   15.000000   clock source latency
    25    0.046925    0.218248    0.149017   15.149016 ^ CLK (in)
                                                         CLK (net)
                      0.218248    0.000000   15.149016 ^ _212_/CLK (sky130_fd_sc_hd__dfxtp_2)
                                 -0.250000   14.899016   clock uncertainty
                                  0.000000   14.899016   clock reconvergence pessimism
                                 -0.062258   14.836758   library setup time
                                             14.836758   data required time
---------------------------------------------------------------------------------------------
                                             14.836758   data required time
                                             -3.289778   data arrival time
---------------------------------------------------------------------------------------------
                                             11.546981   slack (MET)


Startpoint: RST_N (input port clocked by CLK)
Endpoint: _223_ (rising edge-triggered flip-flop clocked by CLK)
Path Group: CLK
Path Type: max

Fanout         Cap        Slew       Delay        Time   Description
---------------------------------------------------------------------------------------------
                                  0.000000    0.000000   clock CLK (rise edge)
                                  0.000000    0.000000   clock network delay (propagated)
                                  3.000000    3.000000 v input external delay
    19    0.028602    0.064663    0.045741    3.045741 v RST_N (in)
                                                         RST_N (net)
                      0.064663    0.000000    3.045741 v _184_/A (sky130_fd_sc_hd__and2_2)
     1    0.002015    0.034761    0.167271    3.213012 v _184_/X (sky130_fd_sc_hd__and2_2)
                                                         _052_ (net)
                      0.034761    0.000000    3.213012 v _185_/A (sky130_fd_sc_hd__buf_1)
     1    0.001681    0.021554    0.076762    3.289774 v _185_/X (sky130_fd_sc_hd__buf_1)
                                                         _011_ (net)
                      0.021554    0.000000    3.289774 v _223_/D (sky130_fd_sc_hd__dfxtp_2)
                                              3.289774   data arrival time

                                 15.000000   15.000000   clock CLK (rise edge)
                                  0.000000   15.000000   clock source latency
    25    0.046925    0.218248    0.149017   15.149016 ^ CLK (in)
                                                         CLK (net)
                      0.218248    0.000000   15.149016 ^ _223_/CLK (sky130_fd_sc_hd__dfxtp_2)
                                 -0.250000   14.899016   clock uncertainty
                                  0.000000   14.899016   clock reconvergence pessimism
                                 -0.062258   14.836758   library setup time
                                             14.836758   data required time
---------------------------------------------------------------------------------------------
                                             14.836758   data required time
                                             -3.289774   data arrival time
---------------------------------------------------------------------------------------------
                                             11.546984   slack (MET)


Startpoint: RST_N (input port clocked by CLK)
Endpoint: _224_ (rising edge-triggered flip-flop clocked by CLK)
Path Group: CLK
Path Type: max

Fanout         Cap        Slew       Delay        Time   Description
---------------------------------------------------------------------------------------------
                                  0.000000    0.000000   clock CLK (rise edge)
                                  0.000000    0.000000   clock network delay (propagated)
                                  3.000000    3.000000 v input external delay
    19    0.028602    0.064663    0.045741    3.045741 v RST_N (in)
                                                         RST_N (net)
                      0.064663    0.000000    3.045741 v _186_/A (sky130_fd_sc_hd__and2_2)
     1    0.002015    0.034761    0.167271    3.213012 v _186_/X (sky130_fd_sc_hd__and2_2)
                                                         _053_ (net)
                      0.034761    0.000000    3.213012 v _187_/A (sky130_fd_sc_hd__buf_1)
     1    0.001681    0.021554    0.076762    3.289774 v _187_/X (sky130_fd_sc_hd__buf_1)
                                                         _012_ (net)
                      0.021554    0.000000    3.289774 v _224_/D (sky130_fd_sc_hd__dfxtp_2)
                                              3.289774   data arrival time

                                 15.000000   15.000000   clock CLK (rise edge)
                                  0.000000   15.000000   clock source latency
    25    0.046925    0.218248    0.149017   15.149016 ^ CLK (in)
                                                         CLK (net)
                      0.218248    0.000000   15.149016 ^ _224_/CLK (sky130_fd_sc_hd__dfxtp_2)
                                 -0.250000   14.899016   clock uncertainty
                                  0.000000   14.899016   clock reconvergence pessimism
                                 -0.062258   14.836758   library setup time
                                             14.836758   data required time
---------------------------------------------------------------------------------------------
                                             14.836758   data required time
                                             -3.289774   data arrival time
---------------------------------------------------------------------------------------------
                                             11.546984   slack (MET)


Startpoint: RST_N (input port clocked by CLK)
Endpoint: _225_ (rising edge-triggered flip-flop clocked by CLK)
Path Group: CLK
Path Type: max

Fanout         Cap        Slew       Delay        Time   Description
---------------------------------------------------------------------------------------------
                                  0.000000    0.000000   clock CLK (rise edge)
                                  0.000000    0.000000   clock network delay (propagated)
                                  3.000000    3.000000 v input external delay
    19    0.028602    0.064663    0.045741    3.045741 v RST_N (in)
                                                         RST_N (net)
                      0.064663    0.000000    3.045741 v _188_/A (sky130_fd_sc_hd__and2_2)
     1    0.002015    0.034761    0.167271    3.213012 v _188_/X (sky130_fd_sc_hd__and2_2)
                                                         _054_ (net)
                      0.034761    0.000000    3.213012 v _189_/A (sky130_fd_sc_hd__buf_1)
     1    0.001681    0.021554    0.076762    3.289774 v _189_/X (sky130_fd_sc_hd__buf_1)
                                                         _013_ (net)
                      0.021554    0.000000    3.289774 v _225_/D (sky130_fd_sc_hd__dfxtp_2)
                                              3.289774   data arrival time

                                 15.000000   15.000000   clock CLK (rise edge)
                                  0.000000   15.000000   clock source latency
    25    0.046925    0.218248    0.149017   15.149016 ^ CLK (in)
                                                         CLK (net)
                      0.218248    0.000000   15.149016 ^ _225_/CLK (sky130_fd_sc_hd__dfxtp_2)
                                 -0.250000   14.899016   clock uncertainty
                                  0.000000   14.899016   clock reconvergence pessimism
                                 -0.062258   14.836758   library setup time
                                             14.836758   data required time
---------------------------------------------------------------------------------------------
                                             14.836758   data required time
                                             -3.289774   data arrival time
---------------------------------------------------------------------------------------------
                                             11.546984   slack (MET)


Startpoint: RST_N (input port clocked by CLK)
Endpoint: _226_ (rising edge-triggered flip-flop clocked by CLK)
Path Group: CLK
Path Type: max

Fanout         Cap        Slew       Delay        Time   Description
---------------------------------------------------------------------------------------------
                                  0.000000    0.000000   clock CLK (rise edge)
                                  0.000000    0.000000   clock network delay (propagated)
                                  3.000000    3.000000 v input external delay
    19    0.028602    0.064663    0.045741    3.045741 v RST_N (in)
                                                         RST_N (net)
                      0.064663    0.000000    3.045741 v _190_/A (sky130_fd_sc_hd__and2_2)
     1    0.002015    0.034761    0.167271    3.213012 v _190_/X (sky130_fd_sc_hd__and2_2)
                                                         _055_ (net)
                      0.034761    0.000000    3.213012 v _191_/A (sky130_fd_sc_hd__buf_1)
     1    0.001681    0.021554    0.076762    3.289774 v _191_/X (sky130_fd_sc_hd__buf_1)
                                                         _014_ (net)
                      0.021554    0.000000    3.289774 v _226_/D (sky130_fd_sc_hd__dfxtp_2)
                                              3.289774   data arrival time

                                 15.000000   15.000000   clock CLK (rise edge)
                                  0.000000   15.000000   clock source latency
    25    0.046925    0.218248    0.149017   15.149016 ^ CLK (in)
                                                         CLK (net)
                      0.218248    0.000000   15.149016 ^ _226_/CLK (sky130_fd_sc_hd__dfxtp_2)
                                 -0.250000   14.899016   clock uncertainty
                                  0.000000   14.899016   clock reconvergence pessimism
                                 -0.062258   14.836758   library setup time
                                             14.836758   data required time
---------------------------------------------------------------------------------------------
                                             14.836758   data required time
                                             -3.289774   data arrival time
---------------------------------------------------------------------------------------------
                                             11.546984   slack (MET)


Startpoint: RST_N (input port clocked by CLK)
Endpoint: _227_ (rising edge-triggered flip-flop clocked by CLK)
Path Group: CLK
Path Type: max

Fanout         Cap        Slew       Delay        Time   Description
---------------------------------------------------------------------------------------------
                                  0.000000    0.000000   clock CLK (rise edge)
                                  0.000000    0.000000   clock network delay (propagated)
                                  3.000000    3.000000 v input external delay
    19    0.028602    0.064663    0.045741    3.045741 v RST_N (in)
                                                         RST_N (net)
                      0.064663    0.000000    3.045741 v _192_/A (sky130_fd_sc_hd__and2_2)
     1    0.002015    0.034761    0.167271    3.213012 v _192_/X (sky130_fd_sc_hd__and2_2)
                                                         _056_ (net)
                      0.034761    0.000000    3.213012 v _193_/A (sky130_fd_sc_hd__buf_1)
     1    0.001681    0.021554    0.076762    3.289774 v _193_/X (sky130_fd_sc_hd__buf_1)
                                                         _015_ (net)
                      0.021554    0.000000    3.289774 v _227_/D (sky130_fd_sc_hd__dfxtp_2)
                                              3.289774   data arrival time

                                 15.000000   15.000000   clock CLK (rise edge)
                                  0.000000   15.000000   clock source latency
    25    0.046925    0.218248    0.149017   15.149016 ^ CLK (in)
                                                         CLK (net)
                      0.218248    0.000000   15.149016 ^ _227_/CLK (sky130_fd_sc_hd__dfxtp_2)
                                 -0.250000   14.899016   clock uncertainty
                                  0.000000   14.899016   clock reconvergence pessimism
                                 -0.062258   14.836758   library setup time
                                             14.836758   data required time
---------------------------------------------------------------------------------------------
                                             14.836758   data required time
                                             -3.289774   data arrival time
---------------------------------------------------------------------------------------------
                                             11.546984   slack (MET)


Startpoint: RST_N (input port clocked by CLK)
Endpoint: _228_ (rising edge-triggered flip-flop clocked by CLK)
Path Group: CLK
Path Type: max

Fanout         Cap        Slew       Delay        Time   Description
---------------------------------------------------------------------------------------------
                                  0.000000    0.000000   clock CLK (rise edge)
                                  0.000000    0.000000   clock network delay (propagated)
                                  3.000000    3.000000 v input external delay
    19    0.028602    0.064663    0.045741    3.045741 v RST_N (in)
                                                         RST_N (net)
                      0.064663    0.000000    3.045741 v _194_/A (sky130_fd_sc_hd__and2_2)
     1    0.002015    0.034761    0.167271    3.213012 v _194_/X (sky130_fd_sc_hd__and2_2)
                                                         _057_ (net)
                      0.034761    0.000000    3.213012 v _195_/A (sky130_fd_sc_hd__buf_1)
     1    0.001681    0.021554    0.076762    3.289774 v _195_/X (sky130_fd_sc_hd__buf_1)
                                                         _016_ (net)
                      0.021554    0.000000    3.289774 v _228_/D (sky130_fd_sc_hd__dfxtp_2)
                                              3.289774   data arrival time

                                 15.000000   15.000000   clock CLK (rise edge)
                                  0.000000   15.000000   clock source latency
    25    0.046925    0.218248    0.149017   15.149016 ^ CLK (in)
                                                         CLK (net)
                      0.218248    0.000000   15.149016 ^ _228_/CLK (sky130_fd_sc_hd__dfxtp_2)
                                 -0.250000   14.899016   clock uncertainty
                                  0.000000   14.899016   clock reconvergence pessimism
                                 -0.062258   14.836758   library setup time
                                             14.836758   data required time
---------------------------------------------------------------------------------------------
                                             14.836758   data required time
                                             -3.289774   data arrival time
---------------------------------------------------------------------------------------------
                                             11.546984   slack (MET)


Startpoint: RST_N (input port clocked by CLK)
Endpoint: _229_ (rising edge-triggered flip-flop clocked by CLK)
Path Group: CLK
Path Type: max

Fanout         Cap        Slew       Delay        Time   Description
---------------------------------------------------------------------------------------------
                                  0.000000    0.000000   clock CLK (rise edge)
                                  0.000000    0.000000   clock network delay (propagated)
                                  3.000000    3.000000 v input external delay
    19    0.028602    0.064663    0.045741    3.045741 v RST_N (in)
                                                         RST_N (net)
                      0.064663    0.000000    3.045741 v _196_/A (sky130_fd_sc_hd__and2_2)
     1    0.002015    0.034761    0.167271    3.213012 v _196_/X (sky130_fd_sc_hd__and2_2)
                                                         _058_ (net)
                      0.034761    0.000000    3.213012 v _197_/A (sky130_fd_sc_hd__buf_1)
     1    0.001681    0.021554    0.076762    3.289774 v _197_/X (sky130_fd_sc_hd__buf_1)
                                                         _017_ (net)
                      0.021554    0.000000    3.289774 v _229_/D (sky130_fd_sc_hd__dfxtp_2)
                                              3.289774   data arrival time

                                 15.000000   15.000000   clock CLK (rise edge)
                                  0.000000   15.000000   clock source latency
    25    0.046925    0.218248    0.149017   15.149016 ^ CLK (in)
                                                         CLK (net)
                      0.218248    0.000000   15.149016 ^ _229_/CLK (sky130_fd_sc_hd__dfxtp_2)
                                 -0.250000   14.899016   clock uncertainty
                                  0.000000   14.899016   clock reconvergence pessimism
                                 -0.062258   14.836758   library setup time
                                             14.836758   data required time
---------------------------------------------------------------------------------------------
                                             14.836758   data required time
                                             -3.289774   data arrival time
---------------------------------------------------------------------------------------------
                                             11.546984   slack (MET)


Startpoint: RST_N (input port clocked by CLK)
Endpoint: _230_ (rising edge-triggered flip-flop clocked by CLK)
Path Group: CLK
Path Type: max

Fanout         Cap        Slew       Delay        Time   Description
---------------------------------------------------------------------------------------------
                                  0.000000    0.000000   clock CLK (rise edge)
                                  0.000000    0.000000   clock network delay (propagated)
                                  3.000000    3.000000 v input external delay
    19    0.028602    0.064663    0.045741    3.045741 v RST_N (in)
                                                         RST_N (net)
                      0.064663    0.000000    3.045741 v _198_/A (sky130_fd_sc_hd__and2_2)
     1    0.002015    0.034761    0.167271    3.213012 v _198_/X (sky130_fd_sc_hd__and2_2)
                                                         _059_ (net)
                      0.034761    0.000000    3.213012 v _199_/A (sky130_fd_sc_hd__buf_1)
     1    0.001681    0.021554    0.076762    3.289774 v _199_/X (sky130_fd_sc_hd__buf_1)
                                                         _018_ (net)
                      0.021554    0.000000    3.289774 v _230_/D (sky130_fd_sc_hd__dfxtp_2)
                                              3.289774   data arrival time

                                 15.000000   15.000000   clock CLK (rise edge)
                                  0.000000   15.000000   clock source latency
    25    0.046925    0.218248    0.149017   15.149016 ^ CLK (in)
                                                         CLK (net)
                      0.218248    0.000000   15.149016 ^ _230_/CLK (sky130_fd_sc_hd__dfxtp_2)
                                 -0.250000   14.899016   clock uncertainty
                                  0.000000   14.899016   clock reconvergence pessimism
                                 -0.062258   14.836758   library setup time
                                             14.836758   data required time
---------------------------------------------------------------------------------------------
                                             14.836758   data required time
                                             -3.289774   data arrival time
---------------------------------------------------------------------------------------------
                                             11.546984   slack (MET)


Startpoint: RST_N (input port clocked by CLK)
Endpoint: _231_ (rising edge-triggered flip-flop clocked by CLK)
Path Group: CLK
Path Type: max

Fanout         Cap        Slew       Delay        Time   Description
---------------------------------------------------------------------------------------------
                                  0.000000    0.000000   clock CLK (rise edge)
                                  0.000000    0.000000   clock network delay (propagated)
                                  3.000000    3.000000 v input external delay
    19    0.028602    0.064663    0.045741    3.045741 v RST_N (in)
                                                         RST_N (net)
                      0.064663    0.000000    3.045741 v _200_/A (sky130_fd_sc_hd__and2_2)
     1    0.002015    0.034761    0.167271    3.213012 v _200_/X (sky130_fd_sc_hd__and2_2)
                                                         _060_ (net)
                      0.034761    0.000000    3.213012 v _201_/A (sky130_fd_sc_hd__buf_1)
     1    0.001681    0.021554    0.076762    3.289774 v _201_/X (sky130_fd_sc_hd__buf_1)
                                                         _019_ (net)
                      0.021554    0.000000    3.289774 v _231_/D (sky130_fd_sc_hd__dfxtp_2)
                                              3.289774   data arrival time

                                 15.000000   15.000000   clock CLK (rise edge)
                                  0.000000   15.000000   clock source latency
    25    0.046925    0.218248    0.149017   15.149016 ^ CLK (in)
                                                         CLK (net)
                      0.218248    0.000000   15.149016 ^ _231_/CLK (sky130_fd_sc_hd__dfxtp_2)
                                 -0.250000   14.899016   clock uncertainty
                                  0.000000   14.899016   clock reconvergence pessimism
                                 -0.062258   14.836758   library setup time
                                             14.836758   data required time
---------------------------------------------------------------------------------------------
                                             14.836758   data required time
                                             -3.289774   data arrival time
---------------------------------------------------------------------------------------------
                                             11.546984   slack (MET)


Startpoint: RST_N (input port clocked by CLK)
Endpoint: _232_ (rising edge-triggered flip-flop clocked by CLK)
Path Group: CLK
Path Type: max

Fanout         Cap        Slew       Delay        Time   Description
---------------------------------------------------------------------------------------------
                                  0.000000    0.000000   clock CLK (rise edge)
                                  0.000000    0.000000   clock network delay (propagated)
                                  3.000000    3.000000 v input external delay
    19    0.028602    0.064663    0.045741    3.045741 v RST_N (in)
                                                         RST_N (net)
                      0.064663    0.000000    3.045741 v _202_/A (sky130_fd_sc_hd__and2_2)
     1    0.002015    0.034761    0.167271    3.213012 v _202_/X (sky130_fd_sc_hd__and2_2)
                                                         _061_ (net)
                      0.034761    0.000000    3.213012 v _203_/A (sky130_fd_sc_hd__buf_1)
     1    0.001681    0.021554    0.076762    3.289774 v _203_/X (sky130_fd_sc_hd__buf_1)
                                                         _020_ (net)
                      0.021554    0.000000    3.289774 v _232_/D (sky130_fd_sc_hd__dfxtp_2)
                                              3.289774   data arrival time

                                 15.000000   15.000000   clock CLK (rise edge)
                                  0.000000   15.000000   clock source latency
    25    0.046925    0.218248    0.149017   15.149016 ^ CLK (in)
                                                         CLK (net)
                      0.218248    0.000000   15.149016 ^ _232_/CLK (sky130_fd_sc_hd__dfxtp_2)
                                 -0.250000   14.899016   clock uncertainty
                                  0.000000   14.899016   clock reconvergence pessimism
                                 -0.062258   14.836758   library setup time
                                             14.836758   data required time
---------------------------------------------------------------------------------------------
                                             14.836758   data required time
                                             -3.289774   data arrival time
---------------------------------------------------------------------------------------------
                                             11.546984   slack (MET)


Startpoint: RST_N (input port clocked by CLK)
Endpoint: _233_ (rising edge-triggered flip-flop clocked by CLK)
Path Group: CLK
Path Type: max

Fanout         Cap        Slew       Delay        Time   Description
---------------------------------------------------------------------------------------------
                                  0.000000    0.000000   clock CLK (rise edge)
                                  0.000000    0.000000   clock network delay (propagated)
                                  3.000000    3.000000 v input external delay
    19    0.028602    0.064663    0.045741    3.045741 v RST_N (in)
                                                         RST_N (net)
                      0.064663    0.000000    3.045741 v _204_/A (sky130_fd_sc_hd__and2_2)
     1    0.002015    0.034761    0.167271    3.213012 v _204_/X (sky130_fd_sc_hd__and2_2)
                                                         _062_ (net)
                      0.034761    0.000000    3.213012 v _205_/A (sky130_fd_sc_hd__buf_1)
     1    0.001681    0.021554    0.076762    3.289774 v _205_/X (sky130_fd_sc_hd__buf_1)
                                                         _021_ (net)
                      0.021554    0.000000    3.289774 v _233_/D (sky130_fd_sc_hd__dfxtp_2)
                                              3.289774   data arrival time

                                 15.000000   15.000000   clock CLK (rise edge)
                                  0.000000   15.000000   clock source latency
    25    0.046925    0.218248    0.149017   15.149016 ^ CLK (in)
                                                         CLK (net)
                      0.218248    0.000000   15.149016 ^ _233_/CLK (sky130_fd_sc_hd__dfxtp_2)
                                 -0.250000   14.899016   clock uncertainty
                                  0.000000   14.899016   clock reconvergence pessimism
                                 -0.062258   14.836758   library setup time
                                             14.836758   data required time
---------------------------------------------------------------------------------------------
                                             14.836758   data required time
                                             -3.289774   data arrival time
---------------------------------------------------------------------------------------------
                                             11.546984   slack (MET)


Startpoint: RST_N (input port clocked by CLK)
Endpoint: _234_ (rising edge-triggered flip-flop clocked by CLK)
Path Group: CLK
Path Type: max

Fanout         Cap        Slew       Delay        Time   Description
---------------------------------------------------------------------------------------------
                                  0.000000    0.000000   clock CLK (rise edge)
                                  0.000000    0.000000   clock network delay (propagated)
                                  3.000000    3.000000 v input external delay
    19    0.028602    0.064663    0.045741    3.045741 v RST_N (in)
                                                         RST_N (net)
                      0.064663    0.000000    3.045741 v _206_/A (sky130_fd_sc_hd__and2_2)
     1    0.002015    0.034761    0.167271    3.213012 v _206_/X (sky130_fd_sc_hd__and2_2)
                                                         _063_ (net)
                      0.034761    0.000000    3.213012 v _207_/A (sky130_fd_sc_hd__buf_1)
     1    0.001681    0.021554    0.076762    3.289774 v _207_/X (sky130_fd_sc_hd__buf_1)
                                                         _022_ (net)
                      0.021554    0.000000    3.289774 v _234_/D (sky130_fd_sc_hd__dfxtp_2)
                                              3.289774   data arrival time

                                 15.000000   15.000000   clock CLK (rise edge)
                                  0.000000   15.000000   clock source latency
    25    0.046925    0.218248    0.149017   15.149016 ^ CLK (in)
                                                         CLK (net)
                      0.218248    0.000000   15.149016 ^ _234_/CLK (sky130_fd_sc_hd__dfxtp_2)
                                 -0.250000   14.899016   clock uncertainty
                                  0.000000   14.899016   clock reconvergence pessimism
                                 -0.062258   14.836758   library setup time
                                             14.836758   data required time
---------------------------------------------------------------------------------------------
                                             14.836758   data required time
                                             -3.289774   data arrival time
---------------------------------------------------------------------------------------------
                                             11.546984   slack (MET)


Startpoint: RST_N (input port clocked by CLK)
Endpoint: _235_ (rising edge-triggered flip-flop clocked by CLK)
Path Group: CLK
Path Type: max

Fanout         Cap        Slew       Delay        Time   Description
---------------------------------------------------------------------------------------------
                                  0.000000    0.000000   clock CLK (rise edge)
                                  0.000000    0.000000   clock network delay (propagated)
                                  3.000000    3.000000 v input external delay
    19    0.028602    0.064663    0.045741    3.045741 v RST_N (in)
                                                         RST_N (net)
                      0.064663    0.000000    3.045741 v _208_/A (sky130_fd_sc_hd__and2_2)
     1    0.002015    0.034761    0.167271    3.213012 v _208_/X (sky130_fd_sc_hd__and2_2)
                                                         _064_ (net)
                      0.034761    0.000000    3.213012 v _209_/A (sky130_fd_sc_hd__buf_1)
     1    0.001681    0.021554    0.076762    3.289774 v _209_/X (sky130_fd_sc_hd__buf_1)
                                                         _023_ (net)
                      0.021554    0.000000    3.289774 v _235_/D (sky130_fd_sc_hd__dfxtp_2)
                                              3.289774   data arrival time

                                 15.000000   15.000000   clock CLK (rise edge)
                                  0.000000   15.000000   clock source latency
    25    0.046925    0.218248    0.149017   15.149016 ^ CLK (in)
                                                         CLK (net)
                      0.218248    0.000000   15.149016 ^ _235_/CLK (sky130_fd_sc_hd__dfxtp_2)
                                 -0.250000   14.899016   clock uncertainty
                                  0.000000   14.899016   clock reconvergence pessimism
                                 -0.062258   14.836758   library setup time
                                             14.836758   data required time
---------------------------------------------------------------------------------------------
                                             14.836758   data required time
                                             -3.289774   data arrival time
---------------------------------------------------------------------------------------------
                                             11.546984   slack (MET)


Startpoint: RST_N (input port clocked by CLK)
Endpoint: _236_ (rising edge-triggered flip-flop clocked by CLK)
Path Group: CLK
Path Type: max

Fanout         Cap        Slew       Delay        Time   Description
---------------------------------------------------------------------------------------------
                                  0.000000    0.000000   clock CLK (rise edge)
                                  0.000000    0.000000   clock network delay (propagated)
                                  3.000000    3.000000 v input external delay
    19    0.028602    0.064663    0.045741    3.045741 v RST_N (in)
                                                         RST_N (net)
                      0.064663    0.000000    3.045741 v _210_/A (sky130_fd_sc_hd__and2_2)
     1    0.002015    0.034761    0.167271    3.213012 v _210_/X (sky130_fd_sc_hd__and2_2)
                                                         _065_ (net)
                      0.034761    0.000000    3.213012 v _211_/A (sky130_fd_sc_hd__buf_1)
     1    0.001681    0.021554    0.076762    3.289774 v _211_/X (sky130_fd_sc_hd__buf_1)
                                                         _024_ (net)
                      0.021554    0.000000    3.289774 v _236_/D (sky130_fd_sc_hd__dfxtp_2)
                                              3.289774   data arrival time

                                 15.000000   15.000000   clock CLK (rise edge)
                                  0.000000   15.000000   clock source latency
    25    0.046925    0.218248    0.149017   15.149016 ^ CLK (in)
                                                         CLK (net)
                      0.218248    0.000000   15.149016 ^ _236_/CLK (sky130_fd_sc_hd__dfxtp_2)
                                 -0.250000   14.899016   clock uncertainty
                                  0.000000   14.899016   clock reconvergence pessimism
                                 -0.062258   14.836758   library setup time
                                             14.836758   data required time
---------------------------------------------------------------------------------------------
                                             14.836758   data required time
                                             -3.289774   data arrival time
---------------------------------------------------------------------------------------------
                                             11.546984   slack (MET)


Startpoint: RST_N (input port clocked by CLK)
Endpoint: _215_ (rising edge-triggered flip-flop clocked by CLK)
Path Group: CLK
Path Type: max

Fanout         Cap        Slew       Delay        Time   Description
---------------------------------------------------------------------------------------------
                                  0.000000    0.000000   clock CLK (rise edge)
                                  0.000000    0.000000   clock network delay (propagated)
                                  3.000000    3.000000 ^ input external delay
    19    0.029977    0.142178    0.096612    3.096612 ^ RST_N (in)
                                                         RST_N (net)
                      0.142178    0.000000    3.096612 ^ _139_/B1 (sky130_fd_sc_hd__o211a_2)
     1    0.001674    0.036186    0.182432    3.279044 ^ _139_/X (sky130_fd_sc_hd__o211a_2)
                                                         _003_ (net)
                      0.036186    0.000000    3.279044 ^ _215_/D (sky130_fd_sc_hd__dfxtp_2)
                                              3.279044   data arrival time

                                 15.000000   15.000000   clock CLK (rise edge)
                                  0.000000   15.000000   clock source latency
    25    0.046925    0.218248    0.149017   15.149016 ^ CLK (in)
                                                         CLK (net)
                      0.218248    0.000000   15.149016 ^ _215_/CLK (sky130_fd_sc_hd__dfxtp_2)
                                 -0.250000   14.899016   clock uncertainty
                                  0.000000   14.899016   clock reconvergence pessimism
                                 -0.031262   14.867755   library setup time
                                             14.867755   data required time
---------------------------------------------------------------------------------------------
                                             14.867755   data required time
                                             -3.279044   data arrival time
---------------------------------------------------------------------------------------------
                                             11.588711   slack (MET)



