
===========================================================================
report_checks -path_delay min (Hold)
============================================================================
======================= nom_tt_025C_1v80 Corner ===================================

Startpoint: _230_ (rising edge-triggered flip-flop clocked by CLK)
Endpoint: _215_ (rising edge-triggered flip-flop clocked by CLK)
Path Group: CLK
Path Type: min

Fanout         Cap        Slew       Delay        Time   Description
---------------------------------------------------------------------------------------------
                                  0.000000    0.000000   clock CLK (rise edge)
                                  0.000000    0.000000   clock source latency
    25    0.046925    0.218248    0.149017    0.149017 ^ CLK (in)
                                                         CLK (net)
                      0.218248    0.000000    0.149017 ^ _230_/CLK (sky130_fd_sc_hd__dfxtp_2)
     6    0.017172    0.054124    0.393867    0.542885 v _230_/Q (sky130_fd_sc_hd__dfxtp_2)
                                                         fp32_mantissa__h323[22] (net)
                      0.054124    0.000000    0.542885 v _139_/C1 (sky130_fd_sc_hd__o211a_2)
     1    0.001681    0.021309    0.110697    0.653582 v _139_/X (sky130_fd_sc_hd__o211a_2)
                                                         _003_ (net)
                      0.021309    0.000000    0.653582 v _215_/D (sky130_fd_sc_hd__dfxtp_2)
                                              0.653582   data arrival time

                                  0.000000    0.000000   clock CLK (rise edge)
                                  0.000000    0.000000   clock source latency
    25    0.046925    0.218248    0.149017    0.149017 ^ CLK (in)
                                                         CLK (net)
                      0.218248    0.000000    0.149017 ^ _215_/CLK (sky130_fd_sc_hd__dfxtp_2)
                                  0.250000    0.399017   clock uncertainty
                                  0.000000    0.399017   clock reconvergence pessimism
                                  0.002279    0.401296   library hold time
                                              0.401296   data required time
---------------------------------------------------------------------------------------------
                                              0.401296   data required time
                                             -0.653582   data arrival time
---------------------------------------------------------------------------------------------
                                              0.252286   slack (MET)


Startpoint: _236_ (rising edge-triggered flip-flop clocked by CLK)
Endpoint: _212_ (rising edge-triggered flip-flop clocked by CLK)
Path Group: CLK
Path Type: min

Fanout         Cap        Slew       Delay        Time   Description
---------------------------------------------------------------------------------------------
                                  0.000000    0.000000   clock CLK (rise edge)
                                  0.000000    0.000000   clock source latency
    25    0.046925    0.218248    0.149017    0.149017 ^ CLK (in)
                                                         CLK (net)
                      0.218248    0.000000    0.149017 ^ _236_/CLK (sky130_fd_sc_hd__dfxtp_2)
     1    0.001541    0.025409    0.355335    0.504352 ^ _236_/Q (sky130_fd_sc_hd__dfxtp_2)
                                                         rg_cfloat152[7] (net)
                      0.025409    0.000000    0.504352 ^ _106_/B (sky130_fd_sc_hd__and2_2)
     1    0.002191    0.034808    0.118530    0.622883 ^ _106_/X (sky130_fd_sc_hd__and2_2)
                                                         _066_ (net)
                      0.034808    0.000000    0.622883 ^ _107_/A (sky130_fd_sc_hd__buf_1)
     1    0.001674    0.033052    0.067841    0.690724 ^ _107_/X (sky130_fd_sc_hd__buf_1)
                                                         _000_ (net)
                      0.033052    0.000000    0.690724 ^ _212_/D (sky130_fd_sc_hd__dfxtp_2)
                                              0.690724   data arrival time

                                  0.000000    0.000000   clock CLK (rise edge)
                                  0.000000    0.000000   clock source latency
    25    0.046925    0.218248    0.149017    0.149017 ^ CLK (in)
                                                         CLK (net)
                      0.218248    0.000000    0.149017 ^ _212_/CLK (sky130_fd_sc_hd__dfxtp_2)
                                  0.250000    0.399017   clock uncertainty
                                  0.000000    0.399017   clock reconvergence pessimism
                                 -0.005957    0.393060   library hold time
                                              0.393060   data required time
---------------------------------------------------------------------------------------------
                                              0.393060   data required time
                                             -0.690724   data arrival time
---------------------------------------------------------------------------------------------
                                              0.297663   slack (MET)


Startpoint: _228_ (rising edge-triggered flip-flop clocked by CLK)
Endpoint: _221_ (rising edge-triggered flip-flop clocked by CLK)
Path Group: CLK
Path Type: min

Fanout         Cap        Slew       Delay        Time   Description
---------------------------------------------------------------------------------------------
                                  0.000000    0.000000   clock CLK (rise edge)
                                  0.000000    0.000000   clock source latency
    25    0.046925    0.218248    0.149017    0.149017 ^ CLK (in)
                                                         CLK (net)
                      0.218248    0.000000    0.149017 ^ _228_/CLK (sky130_fd_sc_hd__dfxtp_2)
     4    0.016263    0.052303    0.392145    0.541162 v _228_/Q (sky130_fd_sc_hd__dfxtp_2)
                                                         rg_bias[5] (net)
                      0.052303    0.000000    0.541162 v _179_/A (sky130_fd_sc_hd__nand2_2)
     2    0.007026    0.049186    0.065524    0.606686 ^ _179_/Y (sky130_fd_sc_hd__nand2_2)
                                                         _049_ (net)
                      0.049186    0.000000    0.606686 ^ _181_/A (sky130_fd_sc_hd__nand2_2)
     1    0.002260    0.021092    0.036273    0.642959 v _181_/Y (sky130_fd_sc_hd__nand2_2)
                                                         _051_ (net)
                      0.021092    0.000000    0.642959 v _182_/B1 (sky130_fd_sc_hd__o211a_2)
     1    0.001681    0.021350    0.112078    0.755037 v _182_/X (sky130_fd_sc_hd__o211a_2)
                                                         _009_ (net)
                      0.021350    0.000000    0.755037 v _221_/D (sky130_fd_sc_hd__dfxtp_2)
                                              0.755037   data arrival time

                                  0.000000    0.000000   clock CLK (rise edge)
                                  0.000000    0.000000   clock source latency
    25    0.046925    0.218248    0.149017    0.149017 ^ CLK (in)
                                                         CLK (net)
                      0.218248    0.000000    0.149017 ^ _221_/CLK (sky130_fd_sc_hd__dfxtp_2)
                                  0.250000    0.399017   clock uncertainty
                                  0.000000    0.399017   clock reconvergence pessimism
                                  0.002261    0.401279   library hold time
                                              0.401279   data required time
---------------------------------------------------------------------------------------------
                                              0.401279   data required time
                                             -0.755037   data arrival time
---------------------------------------------------------------------------------------------
                                              0.353758   slack (MET)


Startpoint: _226_ (rising edge-triggered flip-flop clocked by CLK)
Endpoint: _219_ (rising edge-triggered flip-flop clocked by CLK)
Path Group: CLK
Path Type: min

Fanout         Cap        Slew       Delay        Time   Description
---------------------------------------------------------------------------------------------
                                  0.000000    0.000000   clock CLK (rise edge)
                                  0.000000    0.000000   clock source latency
    25    0.046925    0.218248    0.149017    0.149017 ^ CLK (in)
                                                         CLK (net)
                      0.218248    0.000000    0.149017 ^ _226_/CLK (sky130_fd_sc_hd__dfxtp_2)
     5    0.010078    0.039589    0.378933    0.527951 v _226_/Q (sky130_fd_sc_hd__dfxtp_2)
                                                         rg_bias[3] (net)
                      0.039589    0.000000    0.527951 v _166_/A (sky130_fd_sc_hd__nor2_2)
     1    0.002523    0.058699    0.087392    0.615343 ^ _166_/Y (sky130_fd_sc_hd__nor2_2)
                                                         _038_ (net)
                      0.058699    0.000000    0.615343 ^ _171_/A3 (sky130_fd_sc_hd__o311a_2)
     1    0.001674    0.032292    0.139494    0.754837 ^ _171_/X (sky130_fd_sc_hd__o311a_2)
                                                         _007_ (net)
                      0.032292    0.000000    0.754837 ^ _219_/D (sky130_fd_sc_hd__dfxtp_2)
                                              0.754837   data arrival time

                                  0.000000    0.000000   clock CLK (rise edge)
                                  0.000000    0.000000   clock source latency
    25    0.046925    0.218248    0.149017    0.149017 ^ CLK (in)
                                                         CLK (net)
                      0.218248    0.000000    0.149017 ^ _219_/CLK (sky130_fd_sc_hd__dfxtp_2)
                                  0.250000    0.399017   clock uncertainty
                                  0.000000    0.399017   clock reconvergence pessimism
                                 -0.005803    0.393214   library hold time
                                              0.393214   data required time
---------------------------------------------------------------------------------------------
                                              0.393214   data required time
                                             -0.754837   data arrival time
---------------------------------------------------------------------------------------------
                                              0.361622   slack (MET)


Startpoint: _228_ (rising edge-triggered flip-flop clocked by CLK)
Endpoint: _222_ (rising edge-triggered flip-flop clocked by CLK)
Path Group: CLK
Path Type: min

Fanout         Cap        Slew       Delay        Time   Description
---------------------------------------------------------------------------------------------
                                  0.000000    0.000000   clock CLK (rise edge)
                                  0.000000    0.000000   clock source latency
    25    0.046925    0.218248    0.149017    0.149017 ^ CLK (in)
                                                         CLK (net)
                      0.218248    0.000000    0.149017 ^ _228_/CLK (sky130_fd_sc_hd__dfxtp_2)
     4    0.016263    0.052303    0.392145    0.541162 v _228_/Q (sky130_fd_sc_hd__dfxtp_2)
                                                         rg_bias[5] (net)
                      0.052303    0.000000    0.541162 v _179_/A (sky130_fd_sc_hd__nand2_2)
     2    0.007026    0.049186    0.065524    0.606686 ^ _179_/Y (sky130_fd_sc_hd__nand2_2)
                                                         _049_ (net)
                      0.049186    0.000000    0.606686 ^ _183_/B2 (sky130_fd_sc_hd__o221a_2)
     1    0.001674    0.035739    0.161441    0.768127 ^ _183_/X (sky130_fd_sc_hd__o221a_2)
                                                         _010_ (net)
                      0.035739    0.000000    0.768127 ^ _222_/D (sky130_fd_sc_hd__dfxtp_2)
                                              0.768127   data arrival time

                                  0.000000    0.000000   clock CLK (rise edge)
                                  0.000000    0.000000   clock source latency
    25    0.046925    0.218248    0.149017    0.149017 ^ CLK (in)
                                                         CLK (net)
                      0.218248    0.000000    0.149017 ^ _222_/CLK (sky130_fd_sc_hd__dfxtp_2)
                                  0.250000    0.399017   clock uncertainty
                                  0.000000    0.399017   clock reconvergence pessimism
                                 -0.006502    0.392516   library hold time
                                              0.392516   data required time
---------------------------------------------------------------------------------------------
                                              0.392516   data required time
                                             -0.768127   data arrival time
---------------------------------------------------------------------------------------------
                                              0.375611   slack (MET)


Startpoint: _227_ (rising edge-triggered flip-flop clocked by CLK)
Endpoint: _220_ (rising edge-triggered flip-flop clocked by CLK)
Path Group: CLK
Path Type: min

Fanout         Cap        Slew       Delay        Time   Description
---------------------------------------------------------------------------------------------
                                  0.000000    0.000000   clock CLK (rise edge)
                                  0.000000    0.000000   clock source latency
    25    0.046925    0.218248    0.149017    0.149017 ^ CLK (in)
                                                         CLK (net)
                      0.218248    0.000000    0.149017 ^ _227_/CLK (sky130_fd_sc_hd__dfxtp_2)
     5    0.010068    0.039567    0.378908    0.527925 v _227_/Q (sky130_fd_sc_hd__dfxtp_2)
                                                         rg_bias[4] (net)
                      0.039567    0.000000    0.527925 v _172_/A (sky130_fd_sc_hd__nor2_2)
     1    0.002516    0.058646    0.087329    0.615254 ^ _172_/Y (sky130_fd_sc_hd__nor2_2)
                                                         _043_ (net)
                      0.058646    0.000000    0.615254 ^ _175_/A2 (sky130_fd_sc_hd__o311a_2)
     1    0.001674    0.032269    0.158230    0.773484 ^ _175_/X (sky130_fd_sc_hd__o311a_2)
                                                         _008_ (net)
                      0.032269    0.000000    0.773484 ^ _220_/D (sky130_fd_sc_hd__dfxtp_2)
                                              0.773484   data arrival time

                                  0.000000    0.000000   clock CLK (rise edge)
                                  0.000000    0.000000   clock source latency
    25    0.046925    0.218248    0.149017    0.149017 ^ CLK (in)
                                                         CLK (net)
                      0.218248    0.000000    0.149017 ^ _220_/CLK (sky130_fd_sc_hd__dfxtp_2)
                                  0.250000    0.399017   clock uncertainty
                                  0.000000    0.399017   clock reconvergence pessimism
                                 -0.005799    0.393219   library hold time
                                              0.393219   data required time
---------------------------------------------------------------------------------------------
                                              0.393219   data required time
                                             -0.773484   data arrival time
---------------------------------------------------------------------------------------------
                                              0.380265   slack (MET)


Startpoint: _229_ (rising edge-triggered flip-flop clocked by CLK)
Endpoint: _213_ (rising edge-triggered flip-flop clocked by CLK)
Path Group: CLK
Path Type: min

Fanout         Cap        Slew       Delay        Time   Description
---------------------------------------------------------------------------------------------
                                  0.000000    0.000000   clock CLK (rise edge)
                                  0.000000    0.000000   clock source latency
    25    0.046925    0.218248    0.149017    0.149017 ^ CLK (in)
                                                         CLK (net)
                      0.218248    0.000000    0.149017 ^ _229_/CLK (sky130_fd_sc_hd__dfxtp_2)
     6    0.013866    0.047502    0.387602    0.536619 v _229_/Q (sky130_fd_sc_hd__dfxtp_2)
                                                         fp32_mantissa__h323[21] (net)
                      0.047502    0.000000    0.536619 v _110_/B (sky130_fd_sc_hd__and3_2)
     1    0.002015    0.032016    0.184303    0.720922 v _110_/X (sky130_fd_sc_hd__and3_2)
                                                         _069_ (net)
                      0.032016    0.000000    0.720922 v _111_/A (sky130_fd_sc_hd__buf_1)
     1    0.001681    0.021552    0.075549    0.796471 v _111_/X (sky130_fd_sc_hd__buf_1)
                                                         _001_ (net)
                      0.021552    0.000000    0.796471 v _213_/D (sky130_fd_sc_hd__dfxtp_2)
                                              0.796471   data arrival time

                                  0.000000    0.000000   clock CLK (rise edge)
                                  0.000000    0.000000   clock source latency
    25    0.046925    0.218248    0.149017    0.149017 ^ CLK (in)
                                                         CLK (net)
                      0.218248    0.000000    0.149017 ^ _213_/CLK (sky130_fd_sc_hd__dfxtp_2)
                                  0.250000    0.399017   clock uncertainty
                                  0.000000    0.399017   clock reconvergence pessimism
                                  0.002179    0.401196   library hold time
                                              0.401196   data required time
---------------------------------------------------------------------------------------------
                                              0.401196   data required time
                                             -0.796471   data arrival time
---------------------------------------------------------------------------------------------
                                              0.395275   slack (MET)


Startpoint: _229_ (rising edge-triggered flip-flop clocked by CLK)
Endpoint: _217_ (rising edge-triggered flip-flop clocked by CLK)
Path Group: CLK
Path Type: min

Fanout         Cap        Slew       Delay        Time   Description
---------------------------------------------------------------------------------------------
                                  0.000000    0.000000   clock CLK (rise edge)
                                  0.000000    0.000000   clock source latency
    25    0.046925    0.218248    0.149017    0.149017 ^ CLK (in)
                                                         CLK (net)
                      0.218248    0.000000    0.149017 ^ _229_/CLK (sky130_fd_sc_hd__dfxtp_2)
     6    0.015558    0.089391    0.409352    0.558369 ^ _229_/Q (sky130_fd_sc_hd__dfxtp_2)
                                                         fp32_mantissa__h323[21] (net)
                      0.089391    0.000000    0.558369 ^ _146_/A2 (sky130_fd_sc_hd__o21a_2)
     4    0.010026    0.064998    0.146161    0.704530 ^ _146_/X (sky130_fd_sc_hd__o21a_2)
                                                         _101_ (net)
                      0.064998    0.000000    0.704530 ^ _155_/A1 (sky130_fd_sc_hd__o211a_2)
     1    0.001674    0.035586    0.163938    0.868469 ^ _155_/X (sky130_fd_sc_hd__o211a_2)
                                                         _005_ (net)
                      0.035586    0.000000    0.868469 ^ _217_/D (sky130_fd_sc_hd__dfxtp_2)
                                              0.868469   data arrival time

                                  0.000000    0.000000   clock CLK (rise edge)
                                  0.000000    0.000000   clock source latency
    25    0.046925    0.218248    0.149017    0.149017 ^ CLK (in)
                                                         CLK (net)
                      0.218248    0.000000    0.149017 ^ _217_/CLK (sky130_fd_sc_hd__dfxtp_2)
                                  0.250000    0.399017   clock uncertainty
                                  0.000000    0.399017   clock reconvergence pessimism
                                 -0.006471    0.392547   library hold time
                                              0.392547   data required time
---------------------------------------------------------------------------------------------
                                              0.392547   data required time
                                             -0.868469   data arrival time
---------------------------------------------------------------------------------------------
                                              0.475922   slack (MET)


Startpoint: _225_ (rising edge-triggered flip-flop clocked by CLK)
Endpoint: _218_ (rising edge-triggered flip-flop clocked by CLK)
Path Group: CLK
Path Type: min

Fanout         Cap        Slew       Delay        Time   Description
---------------------------------------------------------------------------------------------
                                  0.000000    0.000000   clock CLK (rise edge)
                                  0.000000    0.000000   clock source latency
    25    0.046925    0.218248    0.149017    0.149017 ^ CLK (in)
                                                         CLK (net)
                      0.218248    0.000000    0.149017 ^ _225_/CLK (sky130_fd_sc_hd__dfxtp_2)
     5    0.016727    0.053233    0.393024    0.542041 v _225_/Q (sky130_fd_sc_hd__dfxtp_2)
                                                         rg_bias[2] (net)
                      0.053233    0.000000    0.542041 v _162_/A (sky130_fd_sc_hd__nor2_2)
     1    0.001469    0.047881    0.085018    0.627060 ^ _162_/Y (sky130_fd_sc_hd__nor2_2)
                                                         _035_ (net)
                      0.047881    0.000000    0.627060 ^ _163_/C (sky130_fd_sc_hd__or3_2)
     1    0.002423    0.027312    0.095582    0.722642 ^ _163_/X (sky130_fd_sc_hd__or3_2)
                                                         _036_ (net)
                      0.027312    0.000000    0.722642 ^ _164_/B1 (sky130_fd_sc_hd__o211a_2)
     1    0.001674    0.035579    0.147810    0.870452 ^ _164_/X (sky130_fd_sc_hd__o211a_2)
                                                         _006_ (net)
                      0.035579    0.000000    0.870452 ^ _218_/D (sky130_fd_sc_hd__dfxtp_2)
                                              0.870452   data arrival time

                                  0.000000    0.000000   clock CLK (rise edge)
                                  0.000000    0.000000   clock source latency
    25    0.046925    0.218248    0.149017    0.149017 ^ CLK (in)
                                                         CLK (net)
                      0.218248    0.000000    0.149017 ^ _218_/CLK (sky130_fd_sc_hd__dfxtp_2)
                                  0.250000    0.399017   clock uncertainty
                                  0.000000    0.399017   clock reconvergence pessimism
                                 -0.006469    0.392548   library hold time
                                              0.392548   data required time
---------------------------------------------------------------------------------------------
                                              0.392548   data required time
                                             -0.870452   data arrival time
---------------------------------------------------------------------------------------------
                                              0.477904   slack (MET)


Startpoint: _229_ (rising edge-triggered flip-flop clocked by CLK)
Endpoint: _216_ (rising edge-triggered flip-flop clocked by CLK)
Path Group: CLK
Path Type: min

Fanout         Cap        Slew       Delay        Time   Description
---------------------------------------------------------------------------------------------
                                  0.000000    0.000000   clock CLK (rise edge)
                                  0.000000    0.000000   clock source latency
    25    0.046925    0.218248    0.149017    0.149017 ^ CLK (in)
                                                         CLK (net)
                      0.218248    0.000000    0.149017 ^ _229_/CLK (sky130_fd_sc_hd__dfxtp_2)
     6    0.015558    0.089391    0.409352    0.558369 ^ _229_/Q (sky130_fd_sc_hd__dfxtp_2)
                                                         fp32_mantissa__h323[21] (net)
                      0.089391    0.000000    0.558369 ^ _140_/A2 (sky130_fd_sc_hd__o31a_2)
     2    0.003674    0.038058    0.142425    0.700794 ^ _140_/X (sky130_fd_sc_hd__o31a_2)
                                                         _096_ (net)
                      0.038058    0.000000    0.700794 ^ _144_/A (sky130_fd_sc_hd__and2_2)
     1    0.002191    0.034804    0.117408    0.818202 ^ _144_/X (sky130_fd_sc_hd__and2_2)
                                                         _100_ (net)
                      0.034804    0.000000    0.818202 ^ _145_/A (sky130_fd_sc_hd__buf_1)
     1    0.001674    0.033052    0.067839    0.886041 ^ _145_/X (sky130_fd_sc_hd__buf_1)
                                                         _004_ (net)
                      0.033052    0.000000    0.886041 ^ _216_/D (sky130_fd_sc_hd__dfxtp_2)
                                              0.886041   data arrival time

                                  0.000000    0.000000   clock CLK (rise edge)
                                  0.000000    0.000000   clock source latency
    25    0.046925    0.218248    0.149017    0.149017 ^ CLK (in)
                                                         CLK (net)
                      0.218248    0.000000    0.149017 ^ _216_/CLK (sky130_fd_sc_hd__dfxtp_2)
                                  0.250000    0.399017   clock uncertainty
                                  0.000000    0.399017   clock reconvergence pessimism
                                 -0.005957    0.393060   library hold time
                                              0.393060   data required time
---------------------------------------------------------------------------------------------
                                              0.393060   data required time
                                             -0.886041   data arrival time
---------------------------------------------------------------------------------------------
                                              0.492981   slack (MET)


Startpoint: _231_ (rising edge-triggered flip-flop clocked by CLK)
Endpoint: _214_ (rising edge-triggered flip-flop clocked by CLK)
Path Group: CLK
Path Type: min

Fanout         Cap        Slew       Delay        Time   Description
---------------------------------------------------------------------------------------------
                                  0.000000    0.000000   clock CLK (rise edge)
                                  0.000000    0.000000   clock source latency
    25    0.046925    0.218248    0.149017    0.149017 ^ CLK (in)
                                                         CLK (net)
                      0.218248    0.000000    0.149017 ^ _231_/CLK (sky130_fd_sc_hd__dfxtp_2)
     3    0.004951    0.040494    0.370488    0.519505 ^ _231_/Q (sky130_fd_sc_hd__dfxtp_2)
                                                         rg_cfloat152[2] (net)
                      0.040494    0.000000    0.519505 ^ _109_/B (sky130_fd_sc_hd__or3_2)
     5    0.012759    0.073918    0.134520    0.654025 ^ _109_/X (sky130_fd_sc_hd__or3_2)
                                                         _068_ (net)
                      0.073918    0.000000    0.654025 ^ _137_/B (sky130_fd_sc_hd__and3_2)
     1    0.002191    0.039987    0.164549    0.818574 ^ _137_/X (sky130_fd_sc_hd__and3_2)
                                                         _095_ (net)
                      0.039987    0.000000    0.818574 ^ _138_/A (sky130_fd_sc_hd__buf_1)
     1    0.001674    0.033065    0.069646    0.888221 ^ _138_/X (sky130_fd_sc_hd__buf_1)
                                                         _002_ (net)
                      0.033065    0.000000    0.888221 ^ _214_/D (sky130_fd_sc_hd__dfxtp_2)
                                              0.888221   data arrival time

                                  0.000000    0.000000   clock CLK (rise edge)
                                  0.000000    0.000000   clock source latency
    25    0.046925    0.218248    0.149017    0.149017 ^ CLK (in)
                                                         CLK (net)
                      0.218248    0.000000    0.149017 ^ _214_/CLK (sky130_fd_sc_hd__dfxtp_2)
                                  0.250000    0.399017   clock uncertainty
                                  0.000000    0.399017   clock reconvergence pessimism
                                 -0.005960    0.393058   library hold time
                                              0.393058   data required time
---------------------------------------------------------------------------------------------
                                              0.393058   data required time
                                             -0.888221   data arrival time
---------------------------------------------------------------------------------------------
                                              0.495163   slack (MET)


Startpoint: bias_in_bias[0] (input port clocked by CLK)
Endpoint: _223_ (rising edge-triggered flip-flop clocked by CLK)
Path Group: CLK
Path Type: min

Fanout         Cap        Slew       Delay        Time   Description
---------------------------------------------------------------------------------------------
                                  0.000000    0.000000   clock CLK (rise edge)
                                  0.000000    0.000000   clock network delay (propagated)
                                  3.000000    3.000000 ^ input external delay
     1    0.001541    0.014773    0.005887    3.005887 ^ bias_in_bias[0] (in)
                                                         bias_in_bias[0] (net)
                      0.014773    0.000000    3.005887 ^ _184_/B (sky130_fd_sc_hd__and2_2)
     1    0.002191    0.034751    0.114971    3.120857 ^ _184_/X (sky130_fd_sc_hd__and2_2)
                                                         _052_ (net)
                      0.034751    0.000000    3.120857 ^ _185_/A (sky130_fd_sc_hd__buf_1)
     1    0.001674    0.033052    0.067821    3.188678 ^ _185_/X (sky130_fd_sc_hd__buf_1)
                                                         _011_ (net)
                      0.033052    0.000000    3.188678 ^ _223_/D (sky130_fd_sc_hd__dfxtp_2)
                                              3.188678   data arrival time

                                  0.000000    0.000000   clock CLK (rise edge)
                                  0.000000    0.000000   clock source latency
    25    0.046925    0.218248    0.149017    0.149017 ^ CLK (in)
                                                         CLK (net)
                      0.218248    0.000000    0.149017 ^ _223_/CLK (sky130_fd_sc_hd__dfxtp_2)
                                  0.250000    0.399017   clock uncertainty
                                  0.000000    0.399017   clock reconvergence pessimism
                                 -0.005957    0.393060   library hold time
                                              0.393060   data required time
---------------------------------------------------------------------------------------------
                                              0.393060   data required time
                                             -3.188678   data arrival time
---------------------------------------------------------------------------------------------
                                              2.795618   slack (MET)


Startpoint: bias_in_bias[1] (input port clocked by CLK)
Endpoint: _224_ (rising edge-triggered flip-flop clocked by CLK)
Path Group: CLK
Path Type: min

Fanout         Cap        Slew       Delay        Time   Description
---------------------------------------------------------------------------------------------
                                  0.000000    0.000000   clock CLK (rise edge)
                                  0.000000    0.000000   clock network delay (propagated)
                                  3.000000    3.000000 ^ input external delay
     1    0.001541    0.014773    0.005887    3.005887 ^ bias_in_bias[1] (in)
                                                         bias_in_bias[1] (net)
                      0.014773    0.000000    3.005887 ^ _186_/B (sky130_fd_sc_hd__and2_2)
     1    0.002191    0.034751    0.114971    3.120857 ^ _186_/X (sky130_fd_sc_hd__and2_2)
                                                         _053_ (net)
                      0.034751    0.000000    3.120857 ^ _187_/A (sky130_fd_sc_hd__buf_1)
     1    0.001674    0.033052    0.067821    3.188678 ^ _187_/X (sky130_fd_sc_hd__buf_1)
                                                         _012_ (net)
                      0.033052    0.000000    3.188678 ^ _224_/D (sky130_fd_sc_hd__dfxtp_2)
                                              3.188678   data arrival time

                                  0.000000    0.000000   clock CLK (rise edge)
                                  0.000000    0.000000   clock source latency
    25    0.046925    0.218248    0.149017    0.149017 ^ CLK (in)
                                                         CLK (net)
                      0.218248    0.000000    0.149017 ^ _224_/CLK (sky130_fd_sc_hd__dfxtp_2)
                                  0.250000    0.399017   clock uncertainty
                                  0.000000    0.399017   clock reconvergence pessimism
                                 -0.005957    0.393060   library hold time
                                              0.393060   data required time
---------------------------------------------------------------------------------------------
                                              0.393060   data required time
                                             -3.188678   data arrival time
---------------------------------------------------------------------------------------------
                                              2.795618   slack (MET)


Startpoint: bias_in_bias[2] (input port clocked by CLK)
Endpoint: _225_ (rising edge-triggered flip-flop clocked by CLK)
Path Group: CLK
Path Type: min

Fanout         Cap        Slew       Delay        Time   Description
---------------------------------------------------------------------------------------------
                                  0.000000    0.000000   clock CLK (rise edge)
                                  0.000000    0.000000   clock network delay (propagated)
                                  3.000000    3.000000 ^ input external delay
     1    0.001541    0.014773    0.005887    3.005887 ^ bias_in_bias[2] (in)
                                                         bias_in_bias[2] (net)
                      0.014773    0.000000    3.005887 ^ _188_/B (sky130_fd_sc_hd__and2_2)
     1    0.002191    0.034751    0.114971    3.120857 ^ _188_/X (sky130_fd_sc_hd__and2_2)
                                                         _054_ (net)
                      0.034751    0.000000    3.120857 ^ _189_/A (sky130_fd_sc_hd__buf_1)
     1    0.001674    0.033052    0.067821    3.188678 ^ _189_/X (sky130_fd_sc_hd__buf_1)
                                                         _013_ (net)
                      0.033052    0.000000    3.188678 ^ _225_/D (sky130_fd_sc_hd__dfxtp_2)
                                              3.188678   data arrival time

                                  0.000000    0.000000   clock CLK (rise edge)
                                  0.000000    0.000000   clock source latency
    25    0.046925    0.218248    0.149017    0.149017 ^ CLK (in)
                                                         CLK (net)
                      0.218248    0.000000    0.149017 ^ _225_/CLK (sky130_fd_sc_hd__dfxtp_2)
                                  0.250000    0.399017   clock uncertainty
                                  0.000000    0.399017   clock reconvergence pessimism
                                 -0.005957    0.393060   library hold time
                                              0.393060   data required time
---------------------------------------------------------------------------------------------
                                              0.393060   data required time
                                             -3.188678   data arrival time
---------------------------------------------------------------------------------------------
                                              2.795618   slack (MET)


Startpoint: bias_in_bias[3] (input port clocked by CLK)
Endpoint: _226_ (rising edge-triggered flip-flop clocked by CLK)
Path Group: CLK
Path Type: min

Fanout         Cap        Slew       Delay        Time   Description
---------------------------------------------------------------------------------------------
                                  0.000000    0.000000   clock CLK (rise edge)
                                  0.000000    0.000000   clock network delay (propagated)
                                  3.000000    3.000000 ^ input external delay
     1    0.001541    0.014773    0.005887    3.005887 ^ bias_in_bias[3] (in)
                                                         bias_in_bias[3] (net)
                      0.014773    0.000000    3.005887 ^ _190_/B (sky130_fd_sc_hd__and2_2)
     1    0.002191    0.034751    0.114971    3.120857 ^ _190_/X (sky130_fd_sc_hd__and2_2)
                                                         _055_ (net)
                      0.034751    0.000000    3.120857 ^ _191_/A (sky130_fd_sc_hd__buf_1)
     1    0.001674    0.033052    0.067821    3.188678 ^ _191_/X (sky130_fd_sc_hd__buf_1)
                                                         _014_ (net)
                      0.033052    0.000000    3.188678 ^ _226_/D (sky130_fd_sc_hd__dfxtp_2)
                                              3.188678   data arrival time

                                  0.000000    0.000000   clock CLK (rise edge)
                                  0.000000    0.000000   clock source latency
    25    0.046925    0.218248    0.149017    0.149017 ^ CLK (in)
                                                         CLK (net)
                      0.218248    0.000000    0.149017 ^ _226_/CLK (sky130_fd_sc_hd__dfxtp_2)
                                  0.250000    0.399017   clock uncertainty
                                  0.000000    0.399017   clock reconvergence pessimism
                                 -0.005957    0.393060   library hold time
                                              0.393060   data required time
---------------------------------------------------------------------------------------------
                                              0.393060   data required time
                                             -3.188678   data arrival time
---------------------------------------------------------------------------------------------
                                              2.795618   slack (MET)


Startpoint: bias_in_bias[4] (input port clocked by CLK)
Endpoint: _227_ (rising edge-triggered flip-flop clocked by CLK)
Path Group: CLK
Path Type: min

Fanout         Cap        Slew       Delay        Time   Description
---------------------------------------------------------------------------------------------
                                  0.000000    0.000000   clock CLK (rise edge)
                                  0.000000    0.000000   clock network delay (propagated)
                                  3.000000    3.000000 ^ input external delay
     1    0.001541    0.014773    0.005887    3.005887 ^ bias_in_bias[4] (in)
                                                         bias_in_bias[4] (net)
                      0.014773    0.000000    3.005887 ^ _192_/B (sky130_fd_sc_hd__and2_2)
     1    0.002191    0.034751    0.114971    3.120857 ^ _192_/X (sky130_fd_sc_hd__and2_2)
                                                         _056_ (net)
                      0.034751    0.000000    3.120857 ^ _193_/A (sky130_fd_sc_hd__buf_1)
     1    0.001674    0.033052    0.067821    3.188678 ^ _193_/X (sky130_fd_sc_hd__buf_1)
                                                         _015_ (net)
                      0.033052    0.000000    3.188678 ^ _227_/D (sky130_fd_sc_hd__dfxtp_2)
                                              3.188678   data arrival time

                                  0.000000    0.000000   clock CLK (rise edge)
                                  0.000000    0.000000   clock source latency
    25    0.046925    0.218248    0.149017    0.149017 ^ CLK (in)
                                                         CLK (net)
                      0.218248    0.000000    0.149017 ^ _227_/CLK (sky130_fd_sc_hd__dfxtp_2)
                                  0.250000    0.399017   clock uncertainty
                                  0.000000    0.399017   clock reconvergence pessimism
                                 -0.005957    0.393060   library hold time
                                              0.393060   data required time
---------------------------------------------------------------------------------------------
                                              0.393060   data required time
                                             -3.188678   data arrival time
---------------------------------------------------------------------------------------------
                                              2.795618   slack (MET)


Startpoint: bias_in_bias[5] (input port clocked by CLK)
Endpoint: _228_ (rising edge-triggered flip-flop clocked by CLK)
Path Group: CLK
Path Type: min

Fanout         Cap        Slew       Delay        Time   Description
---------------------------------------------------------------------------------------------
                                  0.000000    0.000000   clock CLK (rise edge)
                                  0.000000    0.000000   clock network delay (propagated)
                                  3.000000    3.000000 ^ input external delay
     1    0.001541    0.014773    0.005887    3.005887 ^ bias_in_bias[5] (in)
                                                         bias_in_bias[5] (net)
                      0.014773    0.000000    3.005887 ^ _194_/B (sky130_fd_sc_hd__and2_2)
     1    0.002191    0.034751    0.114971    3.120857 ^ _194_/X (sky130_fd_sc_hd__and2_2)
                                                         _057_ (net)
                      0.034751    0.000000    3.120857 ^ _195_/A (sky130_fd_sc_hd__buf_1)
     1    0.001674    0.033052    0.067821    3.188678 ^ _195_/X (sky130_fd_sc_hd__buf_1)
                                                         _016_ (net)
                      0.033052    0.000000    3.188678 ^ _228_/D (sky130_fd_sc_hd__dfxtp_2)
                                              3.188678   data arrival time

                                  0.000000    0.000000   clock CLK (rise edge)
                                  0.000000    0.000000   clock source latency
    25    0.046925    0.218248    0.149017    0.149017 ^ CLK (in)
                                                         CLK (net)
                      0.218248    0.000000    0.149017 ^ _228_/CLK (sky130_fd_sc_hd__dfxtp_2)
                                  0.250000    0.399017   clock uncertainty
                                  0.000000    0.399017   clock reconvergence pessimism
                                 -0.005957    0.393060   library hold time
                                              0.393060   data required time
---------------------------------------------------------------------------------------------
                                              0.393060   data required time
                                             -3.188678   data arrival time
---------------------------------------------------------------------------------------------
                                              2.795618   slack (MET)


Startpoint: cfloat152_in_cfloat_in[0] (input port clocked by CLK)
Endpoint: _229_ (rising edge-triggered flip-flop clocked by CLK)
Path Group: CLK
Path Type: min

Fanout         Cap        Slew       Delay        Time   Description
---------------------------------------------------------------------------------------------
                                  0.000000    0.000000   clock CLK (rise edge)
                                  0.000000    0.000000   clock network delay (propagated)
                                  3.000000    3.000000 ^ input external delay
     1    0.001541    0.014773    0.005887    3.005887 ^ cfloat152_in_cfloat_in[0] (in)
                                                         cfloat152_in_cfloat_in[0] (net)
                      0.014773    0.000000    3.005887 ^ _196_/B (sky130_fd_sc_hd__and2_2)
     1    0.002191    0.034751    0.114971    3.120857 ^ _196_/X (sky130_fd_sc_hd__and2_2)
                                                         _058_ (net)
                      0.034751    0.000000    3.120857 ^ _197_/A (sky130_fd_sc_hd__buf_1)
     1    0.001674    0.033052    0.067821    3.188678 ^ _197_/X (sky130_fd_sc_hd__buf_1)
                                                         _017_ (net)
                      0.033052    0.000000    3.188678 ^ _229_/D (sky130_fd_sc_hd__dfxtp_2)
                                              3.188678   data arrival time

                                  0.000000    0.000000   clock CLK (rise edge)
                                  0.000000    0.000000   clock source latency
    25    0.046925    0.218248    0.149017    0.149017 ^ CLK (in)
                                                         CLK (net)
                      0.218248    0.000000    0.149017 ^ _229_/CLK (sky130_fd_sc_hd__dfxtp_2)
                                  0.250000    0.399017   clock uncertainty
                                  0.000000    0.399017   clock reconvergence pessimism
                                 -0.005957    0.393060   library hold time
                                              0.393060   data required time
---------------------------------------------------------------------------------------------
                                              0.393060   data required time
                                             -3.188678   data arrival time
---------------------------------------------------------------------------------------------
                                              2.795618   slack (MET)


Startpoint: cfloat152_in_cfloat_in[1] (input port clocked by CLK)
Endpoint: _230_ (rising edge-triggered flip-flop clocked by CLK)
Path Group: CLK
Path Type: min

Fanout         Cap        Slew       Delay        Time   Description
---------------------------------------------------------------------------------------------
                                  0.000000    0.000000   clock CLK (rise edge)
                                  0.000000    0.000000   clock network delay (propagated)
                                  3.000000    3.000000 ^ input external delay
     1    0.001541    0.014773    0.005887    3.005887 ^ cfloat152_in_cfloat_in[1] (in)
                                                         cfloat152_in_cfloat_in[1] (net)
                      0.014773    0.000000    3.005887 ^ _198_/B (sky130_fd_sc_hd__and2_2)
     1    0.002191    0.034751    0.114971    3.120857 ^ _198_/X (sky130_fd_sc_hd__and2_2)
                                                         _059_ (net)
                      0.034751    0.000000    3.120857 ^ _199_/A (sky130_fd_sc_hd__buf_1)
     1    0.001674    0.033052    0.067821    3.188678 ^ _199_/X (sky130_fd_sc_hd__buf_1)
                                                         _018_ (net)
                      0.033052    0.000000    3.188678 ^ _230_/D (sky130_fd_sc_hd__dfxtp_2)
                                              3.188678   data arrival time

                                  0.000000    0.000000   clock CLK (rise edge)
                                  0.000000    0.000000   clock source latency
    25    0.046925    0.218248    0.149017    0.149017 ^ CLK (in)
                                                         CLK (net)
                      0.218248    0.000000    0.149017 ^ _230_/CLK (sky130_fd_sc_hd__dfxtp_2)
                                  0.250000    0.399017   clock uncertainty
                                  0.000000    0.399017   clock reconvergence pessimism
                                 -0.005957    0.393060   library hold time
                                              0.393060   data required time
---------------------------------------------------------------------------------------------
                                              0.393060   data required time
                                             -3.188678   data arrival time
---------------------------------------------------------------------------------------------
                                              2.795618   slack (MET)


Startpoint: cfloat152_in_cfloat_in[2] (input port clocked by CLK)
Endpoint: _231_ (rising edge-triggered flip-flop clocked by CLK)
Path Group: CLK
Path Type: min

Fanout         Cap        Slew       Delay        Time   Description
---------------------------------------------------------------------------------------------
                                  0.000000    0.000000   clock CLK (rise edge)
                                  0.000000    0.000000   clock network delay (propagated)
                                  3.000000    3.000000 ^ input external delay
     1    0.001541    0.014773    0.005887    3.005887 ^ cfloat152_in_cfloat_in[2] (in)
                                                         cfloat152_in_cfloat_in[2] (net)
                      0.014773    0.000000    3.005887 ^ _200_/B (sky130_fd_sc_hd__and2_2)
     1    0.002191    0.034751    0.114971    3.120857 ^ _200_/X (sky130_fd_sc_hd__and2_2)
                                                         _060_ (net)
                      0.034751    0.000000    3.120857 ^ _201_/A (sky130_fd_sc_hd__buf_1)
     1    0.001674    0.033052    0.067821    3.188678 ^ _201_/X (sky130_fd_sc_hd__buf_1)
                                                         _019_ (net)
                      0.033052    0.000000    3.188678 ^ _231_/D (sky130_fd_sc_hd__dfxtp_2)
                                              3.188678   data arrival time

                                  0.000000    0.000000   clock CLK (rise edge)
                                  0.000000    0.000000   clock source latency
    25    0.046925    0.218248    0.149017    0.149017 ^ CLK (in)
                                                         CLK (net)
                      0.218248    0.000000    0.149017 ^ _231_/CLK (sky130_fd_sc_hd__dfxtp_2)
                                  0.250000    0.399017   clock uncertainty
                                  0.000000    0.399017   clock reconvergence pessimism
                                 -0.005957    0.393060   library hold time
                                              0.393060   data required time
---------------------------------------------------------------------------------------------
                                              0.393060   data required time
                                             -3.188678   data arrival time
---------------------------------------------------------------------------------------------
                                              2.795618   slack (MET)


Startpoint: cfloat152_in_cfloat_in[3] (input port clocked by CLK)
Endpoint: _232_ (rising edge-triggered flip-flop clocked by CLK)
Path Group: CLK
Path Type: min

Fanout         Cap        Slew       Delay        Time   Description
---------------------------------------------------------------------------------------------
                                  0.000000    0.000000   clock CLK (rise edge)
                                  0.000000    0.000000   clock network delay (propagated)
                                  3.000000    3.000000 ^ input external delay
     1    0.001541    0.014773    0.005887    3.005887 ^ cfloat152_in_cfloat_in[3] (in)
                                                         cfloat152_in_cfloat_in[3] (net)
                      0.014773    0.000000    3.005887 ^ _202_/B (sky130_fd_sc_hd__and2_2)
     1    0.002191    0.034751    0.114971    3.120857 ^ _202_/X (sky130_fd_sc_hd__and2_2)
                                                         _061_ (net)
                      0.034751    0.000000    3.120857 ^ _203_/A (sky130_fd_sc_hd__buf_1)
     1    0.001674    0.033052    0.067821    3.188678 ^ _203_/X (sky130_fd_sc_hd__buf_1)
                                                         _020_ (net)
                      0.033052    0.000000    3.188678 ^ _232_/D (sky130_fd_sc_hd__dfxtp_2)
                                              3.188678   data arrival time

                                  0.000000    0.000000   clock CLK (rise edge)
                                  0.000000    0.000000   clock source latency
    25    0.046925    0.218248    0.149017    0.149017 ^ CLK (in)
                                                         CLK (net)
                      0.218248    0.000000    0.149017 ^ _232_/CLK (sky130_fd_sc_hd__dfxtp_2)
                                  0.250000    0.399017   clock uncertainty
                                  0.000000    0.399017   clock reconvergence pessimism
                                 -0.005957    0.393060   library hold time
                                              0.393060   data required time
---------------------------------------------------------------------------------------------
                                              0.393060   data required time
                                             -3.188678   data arrival time
---------------------------------------------------------------------------------------------
                                              2.795618   slack (MET)


Startpoint: cfloat152_in_cfloat_in[4] (input port clocked by CLK)
Endpoint: _233_ (rising edge-triggered flip-flop clocked by CLK)
Path Group: CLK
Path Type: min

Fanout         Cap        Slew       Delay        Time   Description
---------------------------------------------------------------------------------------------
                                  0.000000    0.000000   clock CLK (rise edge)
                                  0.000000    0.000000   clock network delay (propagated)
                                  3.000000    3.000000 ^ input external delay
     1    0.001541    0.014773    0.005887    3.005887 ^ cfloat152_in_cfloat_in[4] (in)
                                                         cfloat152_in_cfloat_in[4] (net)
                      0.014773    0.000000    3.005887 ^ _204_/B (sky130_fd_sc_hd__and2_2)
     1    0.002191    0.034751    0.114971    3.120857 ^ _204_/X (sky130_fd_sc_hd__and2_2)
                                                         _062_ (net)
                      0.034751    0.000000    3.120857 ^ _205_/A (sky130_fd_sc_hd__buf_1)
     1    0.001674    0.033052    0.067821    3.188678 ^ _205_/X (sky130_fd_sc_hd__buf_1)
                                                         _021_ (net)
                      0.033052    0.000000    3.188678 ^ _233_/D (sky130_fd_sc_hd__dfxtp_2)
                                              3.188678   data arrival time

                                  0.000000    0.000000   clock CLK (rise edge)
                                  0.000000    0.000000   clock source latency
    25    0.046925    0.218248    0.149017    0.149017 ^ CLK (in)
                                                         CLK (net)
                      0.218248    0.000000    0.149017 ^ _233_/CLK (sky130_fd_sc_hd__dfxtp_2)
                                  0.250000    0.399017   clock uncertainty
                                  0.000000    0.399017   clock reconvergence pessimism
                                 -0.005957    0.393060   library hold time
                                              0.393060   data required time
---------------------------------------------------------------------------------------------
                                              0.393060   data required time
                                             -3.188678   data arrival time
---------------------------------------------------------------------------------------------
                                              2.795618   slack (MET)


Startpoint: cfloat152_in_cfloat_in[5] (input port clocked by CLK)
Endpoint: _234_ (rising edge-triggered flip-flop clocked by CLK)
Path Group: CLK
Path Type: min

Fanout         Cap        Slew       Delay        Time   Description
---------------------------------------------------------------------------------------------
                                  0.000000    0.000000   clock CLK (rise edge)
                                  0.000000    0.000000   clock network delay (propagated)
                                  3.000000    3.000000 ^ input external delay
     1    0.001541    0.014773    0.005887    3.005887 ^ cfloat152_in_cfloat_in[5] (in)
                                                         cfloat152_in_cfloat_in[5] (net)
                      0.014773    0.000000    3.005887 ^ _206_/B (sky130_fd_sc_hd__and2_2)
     1    0.002191    0.034751    0.114971    3.120857 ^ _206_/X (sky130_fd_sc_hd__and2_2)
                                                         _063_ (net)
                      0.034751    0.000000    3.120857 ^ _207_/A (sky130_fd_sc_hd__buf_1)
     1    0.001674    0.033052    0.067821    3.188678 ^ _207_/X (sky130_fd_sc_hd__buf_1)
                                                         _022_ (net)
                      0.033052    0.000000    3.188678 ^ _234_/D (sky130_fd_sc_hd__dfxtp_2)
                                              3.188678   data arrival time

                                  0.000000    0.000000   clock CLK (rise edge)
                                  0.000000    0.000000   clock source latency
    25    0.046925    0.218248    0.149017    0.149017 ^ CLK (in)
                                                         CLK (net)
                      0.218248    0.000000    0.149017 ^ _234_/CLK (sky130_fd_sc_hd__dfxtp_2)
                                  0.250000    0.399017   clock uncertainty
                                  0.000000    0.399017   clock reconvergence pessimism
                                 -0.005957    0.393060   library hold time
                                              0.393060   data required time
---------------------------------------------------------------------------------------------
                                              0.393060   data required time
                                             -3.188678   data arrival time
---------------------------------------------------------------------------------------------
                                              2.795618   slack (MET)


Startpoint: cfloat152_in_cfloat_in[6] (input port clocked by CLK)
Endpoint: _235_ (rising edge-triggered flip-flop clocked by CLK)
Path Group: CLK
Path Type: min

Fanout         Cap        Slew       Delay        Time   Description
---------------------------------------------------------------------------------------------
                                  0.000000    0.000000   clock CLK (rise edge)
                                  0.000000    0.000000   clock network delay (propagated)
                                  3.000000    3.000000 ^ input external delay
     1    0.001541    0.014773    0.005887    3.005887 ^ cfloat152_in_cfloat_in[6] (in)
                                                         cfloat152_in_cfloat_in[6] (net)
                      0.014773    0.000000    3.005887 ^ _208_/B (sky130_fd_sc_hd__and2_2)
     1    0.002191    0.034751    0.114971    3.120857 ^ _208_/X (sky130_fd_sc_hd__and2_2)
                                                         _064_ (net)
                      0.034751    0.000000    3.120857 ^ _209_/A (sky130_fd_sc_hd__buf_1)
     1    0.001674    0.033052    0.067821    3.188678 ^ _209_/X (sky130_fd_sc_hd__buf_1)
                                                         _023_ (net)
                      0.033052    0.000000    3.188678 ^ _235_/D (sky130_fd_sc_hd__dfxtp_2)
                                              3.188678   data arrival time

                                  0.000000    0.000000   clock CLK (rise edge)
                                  0.000000    0.000000   clock source latency
    25    0.046925    0.218248    0.149017    0.149017 ^ CLK (in)
                                                         CLK (net)
                      0.218248    0.000000    0.149017 ^ _235_/CLK (sky130_fd_sc_hd__dfxtp_2)
                                  0.250000    0.399017   clock uncertainty
                                  0.000000    0.399017   clock reconvergence pessimism
                                 -0.005957    0.393060   library hold time
                                              0.393060   data required time
---------------------------------------------------------------------------------------------
                                              0.393060   data required time
                                             -3.188678   data arrival time
---------------------------------------------------------------------------------------------
                                              2.795618   slack (MET)


Startpoint: cfloat152_in_cfloat_in[7] (input port clocked by CLK)
Endpoint: _236_ (rising edge-triggered flip-flop clocked by CLK)
Path Group: CLK
Path Type: min

Fanout         Cap        Slew       Delay        Time   Description
---------------------------------------------------------------------------------------------
                                  0.000000    0.000000   clock CLK (rise edge)
                                  0.000000    0.000000   clock network delay (propagated)
                                  3.000000    3.000000 ^ input external delay
     1    0.001541    0.014773    0.005887    3.005887 ^ cfloat152_in_cfloat_in[7] (in)
                                                         cfloat152_in_cfloat_in[7] (net)
                      0.014773    0.000000    3.005887 ^ _210_/B (sky130_fd_sc_hd__and2_2)
     1    0.002191    0.034751    0.114971    3.120857 ^ _210_/X (sky130_fd_sc_hd__and2_2)
                                                         _065_ (net)
                      0.034751    0.000000    3.120857 ^ _211_/A (sky130_fd_sc_hd__buf_1)
     1    0.001674    0.033052    0.067821    3.188678 ^ _211_/X (sky130_fd_sc_hd__buf_1)
                                                         _024_ (net)
                      0.033052    0.000000    3.188678 ^ _236_/D (sky130_fd_sc_hd__dfxtp_2)
                                              3.188678   data arrival time

                                  0.000000    0.000000   clock CLK (rise edge)
                                  0.000000    0.000000   clock source latency
    25    0.046925    0.218248    0.149017    0.149017 ^ CLK (in)
                                                         CLK (net)
                      0.218248    0.000000    0.149017 ^ _236_/CLK (sky130_fd_sc_hd__dfxtp_2)
                                  0.250000    0.399017   clock uncertainty
                                  0.000000    0.399017   clock reconvergence pessimism
                                 -0.005957    0.393060   library hold time
                                              0.393060   data required time
---------------------------------------------------------------------------------------------
                                              0.393060   data required time
                                             -3.188678   data arrival time
---------------------------------------------------------------------------------------------
                                              2.795618   slack (MET)


Startpoint: _213_ (rising edge-triggered flip-flop clocked by CLK)
Endpoint: fp32_out[21] (output port clocked by CLK)
Path Group: CLK
Path Type: min

Fanout         Cap        Slew       Delay        Time   Description
---------------------------------------------------------------------------------------------
                                  0.000000    0.000000   clock CLK (rise edge)
                                  0.000000    0.000000   clock source latency
    25    0.046925    0.218248    0.149017    0.149017 ^ CLK (in)
                                                         CLK (net)
                      0.218248    0.000000    0.149017 ^ _213_/CLK (sky130_fd_sc_hd__dfxtp_2)
     1    0.033442    0.086716    0.424701    0.573719 v _213_/Q (sky130_fd_sc_hd__dfxtp_2)
                                                         fp32_out[21] (net)
                      0.086716    0.000000    0.573719 v fp32_out[21] (out)
                                              0.573719   data arrival time

                                  0.000000    0.000000   clock CLK (rise edge)
                                  0.000000    0.000000   clock network delay (propagated)
                                  0.250000    0.250000   clock uncertainty
                                  0.000000    0.250000   clock reconvergence pessimism
                                 -3.000000   -2.750000   output external delay
                                             -2.750000   data required time
---------------------------------------------------------------------------------------------
                                             -2.750000   data required time
                                             -0.573719   data arrival time
---------------------------------------------------------------------------------------------
                                              3.323719   slack (MET)


Startpoint: _215_ (rising edge-triggered flip-flop clocked by CLK)
Endpoint: fp32_out[22] (output port clocked by CLK)
Path Group: CLK
Path Type: min

Fanout         Cap        Slew       Delay        Time   Description
---------------------------------------------------------------------------------------------
                                  0.000000    0.000000   clock CLK (rise edge)
                                  0.000000    0.000000   clock source latency
    25    0.046925    0.218248    0.149017    0.149017 ^ CLK (in)
                                                         CLK (net)
                      0.218248    0.000000    0.149017 ^ _215_/CLK (sky130_fd_sc_hd__dfxtp_2)
     1    0.033442    0.086716    0.424701    0.573719 v _215_/Q (sky130_fd_sc_hd__dfxtp_2)
                                                         fp32_out[22] (net)
                      0.086716    0.000000    0.573719 v fp32_out[22] (out)
                                              0.573719   data arrival time

                                  0.000000    0.000000   clock CLK (rise edge)
                                  0.000000    0.000000   clock network delay (propagated)
                                  0.250000    0.250000   clock uncertainty
                                  0.000000    0.250000   clock reconvergence pessimism
                                 -3.000000   -2.750000   output external delay
                                             -2.750000   data required time
---------------------------------------------------------------------------------------------
                                             -2.750000   data required time
                                             -0.573719   data arrival time
---------------------------------------------------------------------------------------------
                                              3.323719   slack (MET)


Startpoint: _216_ (rising edge-triggered flip-flop clocked by CLK)
Endpoint: fp32_out[23] (output port clocked by CLK)
Path Group: CLK
Path Type: min

Fanout         Cap        Slew       Delay        Time   Description
---------------------------------------------------------------------------------------------
                                  0.000000    0.000000   clock CLK (rise edge)
                                  0.000000    0.000000   clock source latency
    25    0.046925    0.218248    0.149017    0.149017 ^ CLK (in)
                                                         CLK (net)
                      0.218248    0.000000    0.149017 ^ _216_/CLK (sky130_fd_sc_hd__dfxtp_2)
     1    0.033442    0.086716    0.424701    0.573719 v _216_/Q (sky130_fd_sc_hd__dfxtp_2)
                                                         fp32_out[23] (net)
                      0.086716    0.000000    0.573719 v fp32_out[23] (out)
                                              0.573719   data arrival time

                                  0.000000    0.000000   clock CLK (rise edge)
                                  0.000000    0.000000   clock network delay (propagated)
                                  0.250000    0.250000   clock uncertainty
                                  0.000000    0.250000   clock reconvergence pessimism
                                 -3.000000   -2.750000   output external delay
                                             -2.750000   data required time
---------------------------------------------------------------------------------------------
                                             -2.750000   data required time
                                             -0.573719   data arrival time
---------------------------------------------------------------------------------------------
                                              3.323719   slack (MET)


Startpoint: _217_ (rising edge-triggered flip-flop clocked by CLK)
Endpoint: fp32_out[24] (output port clocked by CLK)
Path Group: CLK
Path Type: min

Fanout         Cap        Slew       Delay        Time   Description
---------------------------------------------------------------------------------------------
                                  0.000000    0.000000   clock CLK (rise edge)
                                  0.000000    0.000000   clock source latency
    25    0.046925    0.218248    0.149017    0.149017 ^ CLK (in)
                                                         CLK (net)
                      0.218248    0.000000    0.149017 ^ _217_/CLK (sky130_fd_sc_hd__dfxtp_2)
     1    0.033442    0.086716    0.424701    0.573719 v _217_/Q (sky130_fd_sc_hd__dfxtp_2)
                                                         fp32_out[24] (net)
                      0.086716    0.000000    0.573719 v fp32_out[24] (out)
                                              0.573719   data arrival time

                                  0.000000    0.000000   clock CLK (rise edge)
                                  0.000000    0.000000   clock network delay (propagated)
                                  0.250000    0.250000   clock uncertainty
                                  0.000000    0.250000   clock reconvergence pessimism
                                 -3.000000   -2.750000   output external delay
                                             -2.750000   data required time
---------------------------------------------------------------------------------------------
                                             -2.750000   data required time
                                             -0.573719   data arrival time
---------------------------------------------------------------------------------------------
                                              3.323719   slack (MET)


Startpoint: _218_ (rising edge-triggered flip-flop clocked by CLK)
Endpoint: fp32_out[25] (output port clocked by CLK)
Path Group: CLK
Path Type: min

Fanout         Cap        Slew       Delay        Time   Description
---------------------------------------------------------------------------------------------
                                  0.000000    0.000000   clock CLK (rise edge)
                                  0.000000    0.000000   clock source latency
    25    0.046925    0.218248    0.149017    0.149017 ^ CLK (in)
                                                         CLK (net)
                      0.218248    0.000000    0.149017 ^ _218_/CLK (sky130_fd_sc_hd__dfxtp_2)
     1    0.033442    0.086716    0.424701    0.573719 v _218_/Q (sky130_fd_sc_hd__dfxtp_2)
                                                         fp32_out[25] (net)
                      0.086716    0.000000    0.573719 v fp32_out[25] (out)
                                              0.573719   data arrival time

                                  0.000000    0.000000   clock CLK (rise edge)
                                  0.000000    0.000000   clock network delay (propagated)
                                  0.250000    0.250000   clock uncertainty
                                  0.000000    0.250000   clock reconvergence pessimism
                                 -3.000000   -2.750000   output external delay
                                             -2.750000   data required time
---------------------------------------------------------------------------------------------
                                             -2.750000   data required time
                                             -0.573719   data arrival time
---------------------------------------------------------------------------------------------
                                              3.323719   slack (MET)


Startpoint: _219_ (rising edge-triggered flip-flop clocked by CLK)
Endpoint: fp32_out[26] (output port clocked by CLK)
Path Group: CLK
Path Type: min

Fanout         Cap        Slew       Delay        Time   Description
---------------------------------------------------------------------------------------------
                                  0.000000    0.000000   clock CLK (rise edge)
                                  0.000000    0.000000   clock source latency
    25    0.046925    0.218248    0.149017    0.149017 ^ CLK (in)
                                                         CLK (net)
                      0.218248    0.000000    0.149017 ^ _219_/CLK (sky130_fd_sc_hd__dfxtp_2)
     1    0.033442    0.086716    0.424701    0.573719 v _219_/Q (sky130_fd_sc_hd__dfxtp_2)
                                                         fp32_out[26] (net)
                      0.086716    0.000000    0.573719 v fp32_out[26] (out)
                                              0.573719   data arrival time

                                  0.000000    0.000000   clock CLK (rise edge)
                                  0.000000    0.000000   clock network delay (propagated)
                                  0.250000    0.250000   clock uncertainty
                                  0.000000    0.250000   clock reconvergence pessimism
                                 -3.000000   -2.750000   output external delay
                                             -2.750000   data required time
---------------------------------------------------------------------------------------------
                                             -2.750000   data required time
                                             -0.573719   data arrival time
---------------------------------------------------------------------------------------------
                                              3.323719   slack (MET)


Startpoint: _220_ (rising edge-triggered flip-flop clocked by CLK)
Endpoint: fp32_out[27] (output port clocked by CLK)
Path Group: CLK
Path Type: min

Fanout         Cap        Slew       Delay        Time   Description
---------------------------------------------------------------------------------------------
                                  0.000000    0.000000   clock CLK (rise edge)
                                  0.000000    0.000000   clock source latency
    25    0.046925    0.218248    0.149017    0.149017 ^ CLK (in)
                                                         CLK (net)
                      0.218248    0.000000    0.149017 ^ _220_/CLK (sky130_fd_sc_hd__dfxtp_2)
     1    0.033442    0.086716    0.424701    0.573719 v _220_/Q (sky130_fd_sc_hd__dfxtp_2)
                                                         fp32_out[27] (net)
                      0.086716    0.000000    0.573719 v fp32_out[27] (out)
                                              0.573719   data arrival time

                                  0.000000    0.000000   clock CLK (rise edge)
                                  0.000000    0.000000   clock network delay (propagated)
                                  0.250000    0.250000   clock uncertainty
                                  0.000000    0.250000   clock reconvergence pessimism
                                 -3.000000   -2.750000   output external delay
                                             -2.750000   data required time
---------------------------------------------------------------------------------------------
                                             -2.750000   data required time
                                             -0.573719   data arrival time
---------------------------------------------------------------------------------------------
                                              3.323719   slack (MET)


Startpoint: _221_ (rising edge-triggered flip-flop clocked by CLK)
Endpoint: fp32_out[28] (output port clocked by CLK)
Path Group: CLK
Path Type: min

Fanout         Cap        Slew       Delay        Time   Description
---------------------------------------------------------------------------------------------
                                  0.000000    0.000000   clock CLK (rise edge)
                                  0.000000    0.000000   clock source latency
    25    0.046925    0.218248    0.149017    0.149017 ^ CLK (in)
                                                         CLK (net)
                      0.218248    0.000000    0.149017 ^ _221_/CLK (sky130_fd_sc_hd__dfxtp_2)
     1    0.033442    0.086716    0.424701    0.573719 v _221_/Q (sky130_fd_sc_hd__dfxtp_2)
                                                         fp32_out[28] (net)
                      0.086716    0.000000    0.573719 v fp32_out[28] (out)
                                              0.573719   data arrival time

                                  0.000000    0.000000   clock CLK (rise edge)
                                  0.000000    0.000000   clock network delay (propagated)
                                  0.250000    0.250000   clock uncertainty
                                  0.000000    0.250000   clock reconvergence pessimism
                                 -3.000000   -2.750000   output external delay
                                             -2.750000   data required time
---------------------------------------------------------------------------------------------
                                             -2.750000   data required time
                                             -0.573719   data arrival time
---------------------------------------------------------------------------------------------
                                              3.323719   slack (MET)


Startpoint: _222_ (rising edge-triggered flip-flop clocked by CLK)
Endpoint: fp32_out[29] (output port clocked by CLK)
Path Group: CLK
Path Type: min

Fanout         Cap        Slew       Delay        Time   Description
---------------------------------------------------------------------------------------------
                                  0.000000    0.000000   clock CLK (rise edge)
                                  0.000000    0.000000   clock source latency
    25    0.046925    0.218248    0.149017    0.149017 ^ CLK (in)
                                                         CLK (net)
                      0.218248    0.000000    0.149017 ^ _222_/CLK (sky130_fd_sc_hd__dfxtp_2)
     1    0.033442    0.086716    0.424701    0.573719 v _222_/Q (sky130_fd_sc_hd__dfxtp_2)
                                                         fp32_out[29] (net)
                      0.086716    0.000000    0.573719 v fp32_out[29] (out)
                                              0.573719   data arrival time

                                  0.000000    0.000000   clock CLK (rise edge)
                                  0.000000    0.000000   clock network delay (propagated)
                                  0.250000    0.250000   clock uncertainty
                                  0.000000    0.250000   clock reconvergence pessimism
                                 -3.000000   -2.750000   output external delay
                                             -2.750000   data required time
---------------------------------------------------------------------------------------------
                                             -2.750000   data required time
                                             -0.573719   data arrival time
---------------------------------------------------------------------------------------------
                                              3.323719   slack (MET)


Startpoint: _214_ (rising edge-triggered flip-flop clocked by CLK)
Endpoint: fp32_out[30] (output port clocked by CLK)
Path Group: CLK
Path Type: min

Fanout         Cap        Slew       Delay        Time   Description
---------------------------------------------------------------------------------------------
                                  0.000000    0.000000   clock CLK (rise edge)
                                  0.000000    0.000000   clock source latency
    25    0.046925    0.218248    0.149017    0.149017 ^ CLK (in)
                                                         CLK (net)
                      0.218248    0.000000    0.149017 ^ _214_/CLK (sky130_fd_sc_hd__dfxtp_2)
     1    0.033442    0.086716    0.424701    0.573719 v _214_/Q (sky130_fd_sc_hd__dfxtp_2)
                                                         fp32_out[30] (net)
                      0.086716    0.000000    0.573719 v fp32_out[30] (out)
                                              0.573719   data arrival time

                                  0.000000    0.000000   clock CLK (rise edge)
                                  0.000000    0.000000   clock network delay (propagated)
                                  0.250000    0.250000   clock uncertainty
                                  0.000000    0.250000   clock reconvergence pessimism
                                 -3.000000   -2.750000   output external delay
                                             -2.750000   data required time
---------------------------------------------------------------------------------------------
                                             -2.750000   data required time
                                             -0.573719   data arrival time
---------------------------------------------------------------------------------------------
                                              3.323719   slack (MET)


Startpoint: _212_ (rising edge-triggered flip-flop clocked by CLK)
Endpoint: fp32_out[31] (output port clocked by CLK)
Path Group: CLK
Path Type: min

Fanout         Cap        Slew       Delay        Time   Description
---------------------------------------------------------------------------------------------
                                  0.000000    0.000000   clock CLK (rise edge)
                                  0.000000    0.000000   clock source latency
    25    0.046925    0.218248    0.149017    0.149017 ^ CLK (in)
                                                         CLK (net)
                      0.218248    0.000000    0.149017 ^ _212_/CLK (sky130_fd_sc_hd__dfxtp_2)
     1    0.033442    0.086716    0.424701    0.573719 v _212_/Q (sky130_fd_sc_hd__dfxtp_2)
                                                         fp32_out[31] (net)
                      0.086716    0.000000    0.573719 v fp32_out[31] (out)
                                              0.573719   data arrival time

                                  0.000000    0.000000   clock CLK (rise edge)
                                  0.000000    0.000000   clock network delay (propagated)
                                  0.250000    0.250000   clock uncertainty
                                  0.000000    0.250000   clock reconvergence pessimism
                                 -3.000000   -2.750000   output external delay
                                             -2.750000   data required time
---------------------------------------------------------------------------------------------
                                             -2.750000   data required time
                                             -0.573719   data arrival time
---------------------------------------------------------------------------------------------
                                              3.323719   slack (MET)



