
===========================================================================
 report_power
============================================================================
======================= nom_tt_025C_1v80 Corner ===================================

Group                    Internal    Switching      Leakage        Total
                            Power        Power        Power        Power (Watts)
------------------------------------------------------------------------
Sequential           9.272210e-05 1.232034e-06 2.784747e-10 9.395441e-05  46.4%
Combinational        6.845332e-05 4.022789e-05 1.035726e-09 1.086822e-04  53.6%
Macro                0.000000e+00 0.000000e+00 0.000000e+00 0.000000e+00   0.0%
Pad                  0.000000e+00 0.000000e+00 0.000000e+00 0.000000e+00   0.0%
------------------------------------------------------------------------
Total                1.611754e-04 4.145993e-05 1.314204e-09 2.026366e-04 100.0%
                            79.5%        20.5%         0.0%

