
===========================================================================
 report_power
============================================================================
======================= min_tt_025C_1v80 Corner ===================================

Group                    Internal    Switching      Leakage        Total
                            Power        Power        Power        Power (Watts)
------------------------------------------------------------------------
Sequential           9.274533e-05 1.196149e-06 2.784747e-10 9.394176e-05  46.6%
Combinational        6.838118e-05 3.923159e-05 1.035726e-09 1.076138e-04  53.4%
Macro                0.000000e+00 0.000000e+00 0.000000e+00 0.000000e+00   0.0%
Pad                  0.000000e+00 0.000000e+00 0.000000e+00 0.000000e+00   0.0%
------------------------------------------------------------------------
Total                1.611265e-04 4.042774e-05 1.314204e-09 2.015556e-04 100.0%
                            79.9%        20.1%         0.0%

