
===========================================================================
 report_power
============================================================================
======================= max_ss_100C_1v60 Corner ===================================

Group                    Internal    Switching      Leakage        Total
                            Power        Power        Power        Power (Watts)
------------------------------------------------------------------------
Sequential           5.850085e-05 2.456621e-06 3.816888e-07 6.133915e-05  40.4%
Combinational        4.890648e-05 4.064947e-05 1.018449e-06 9.057440e-05  59.6%
Macro                0.000000e+00 0.000000e+00 0.000000e+00 0.000000e+00   0.0%
Pad                  0.000000e+00 0.000000e+00 0.000000e+00 0.000000e+00   0.0%
------------------------------------------------------------------------
Total                1.074073e-04 4.310609e-05 1.400141e-06 1.519135e-04 100.0%
                            70.7%        28.4%         0.9%

