
===========================================================================
 report_power
============================================================================
======================= nom_tt_025C_1v80 Corner ===================================

Group                    Internal    Switching      Leakage        Total
                            Power        Power        Power        Power (Watts)
------------------------------------------------------------------------
Sequential           1.386150e-04 1.340635e-05 4.053381e-10 1.520217e-04  84.5%
Combinational        1.859563e-05 9.368080e-06 4.749188e-10 2.796419e-05  15.5%
Macro                0.000000e+00 0.000000e+00 0.000000e+00 0.000000e+00   0.0%
Pad                  0.000000e+00 0.000000e+00 0.000000e+00 0.000000e+00   0.0%
------------------------------------------------------------------------
Total                1.572106e-04 2.277443e-05 8.802559e-10 1.799859e-04 100.0%
                            87.3%        12.7%         0.0%

