
===========================================================================
 report_power
============================================================================
======================= nom_tt_025C_1v80 Corner ===================================

Group                    Internal    Switching      Leakage        Total
                            Power        Power        Power        Power (Watts)
------------------------------------------------------------------------
Sequential           7.378999e-05 7.647572e-06 2.195580e-10 8.143778e-05  66.7%
Combinational        2.421376e-05 1.653503e-05 5.786389e-10 4.074936e-05  33.3%
Macro                0.000000e+00 0.000000e+00 0.000000e+00 0.000000e+00   0.0%
Pad                  0.000000e+00 0.000000e+00 0.000000e+00 0.000000e+00   0.0%
------------------------------------------------------------------------
Total                9.800375e-05 2.418259e-05 7.981965e-10 1.221871e-04 100.0%
                            80.2%        19.8%         0.0%

