
===========================================================================
 report_power
============================================================================
======================= max_ss_100C_1v60 Corner ===================================

Group                    Internal    Switching      Leakage        Total
                            Power        Power        Power        Power (Watts)
------------------------------------------------------------------------
Sequential           5.668230e-05 2.358395e-06 3.816887e-07 5.942238e-05  41.1%
Combinational        4.704470e-05 3.709369e-05 1.034601e-06 8.517299e-05  58.9%
Macro                0.000000e+00 0.000000e+00 0.000000e+00 0.000000e+00   0.0%
Pad                  0.000000e+00 0.000000e+00 0.000000e+00 0.000000e+00   0.0%
------------------------------------------------------------------------
Total                1.037270e-04 3.945208e-05 1.416292e-06 1.445954e-04 100.0%
                            71.7%        27.3%         1.0%

