
===========================================================================
 report_power
============================================================================
======================= max_ss_100C_1v60 Corner ===================================

Group                    Internal    Switching      Leakage        Total
                            Power        Power        Power        Power (Watts)
------------------------------------------------------------------------
Sequential           7.226640e-05 9.799542e-07 4.835175e-07 7.372987e-05  45.5%
Combinational        5.574423e-05 3.165414e-05 7.774234e-07 8.817579e-05  54.5%
Macro                0.000000e+00 0.000000e+00 0.000000e+00 0.000000e+00   0.0%
Pad                  0.000000e+00 0.000000e+00 0.000000e+00 0.000000e+00   0.0%
------------------------------------------------------------------------
Total                1.280106e-04 3.263410e-05 1.260942e-06 1.619056e-04 100.0%
                            79.1%        20.2%         0.8%

