
===========================================================================
 report_power
============================================================================
======================= max_tt_025C_1v80 Corner ===================================

Group                    Internal    Switching      Leakage        Total
                            Power        Power        Power        Power (Watts)
------------------------------------------------------------------------
Sequential           7.523441e-05 3.148001e-06 2.194102e-10 7.838263e-05  41.1%
Combinational        5.975688e-05 5.260524e-05 1.779095e-09 1.123639e-04  58.9%
Macro                0.000000e+00 0.000000e+00 0.000000e+00 0.000000e+00   0.0%
Pad                  0.000000e+00 0.000000e+00 0.000000e+00 0.000000e+00   0.0%
------------------------------------------------------------------------
Total                1.349913e-04 5.575324e-05 1.998503e-09 1.907465e-04 100.0%
                            70.8%        29.2%         0.0%

