
===========================================================================
 report_power
============================================================================
======================= nom_tt_025C_1v80 Corner ===================================

Group                    Internal    Switching      Leakage        Total
                            Power        Power        Power        Power (Watts)
------------------------------------------------------------------------
Sequential           1.496436e-04 4.027515e-06 4.472592e-10 1.536715e-04  47.4%
Combinational        9.112886e-05 7.922113e-05 2.726162e-09 1.703527e-04  52.6%
Macro                0.000000e+00 0.000000e+00 0.000000e+00 0.000000e+00   0.0%
Pad                  0.000000e+00 0.000000e+00 0.000000e+00 0.000000e+00   0.0%
------------------------------------------------------------------------
Total                2.407724e-04 8.324865e-05 3.173419e-09 3.240242e-04 100.0%
                            74.3%        25.7%         0.0%

