
===========================================================================
 report_power
============================================================================
======================= min_ss_100C_1v60 Corner ===================================

Group                    Internal    Switching      Leakage        Total
                            Power        Power        Power        Power (Watts)
------------------------------------------------------------------------
Sequential           7.236178e-05 9.273237e-07 4.835175e-07 7.377261e-05  46.1%
Combinational        5.561423e-05 3.003061e-05 7.774234e-07 8.642227e-05  53.9%
Macro                0.000000e+00 0.000000e+00 0.000000e+00 0.000000e+00   0.0%
Pad                  0.000000e+00 0.000000e+00 0.000000e+00 0.000000e+00   0.0%
------------------------------------------------------------------------
Total                1.279760e-04 3.095793e-05 1.260942e-06 1.601949e-04 100.0%
                            79.9%        19.3%         0.8%

