
===========================================================================
 report_power
============================================================================
======================= max_tt_025C_1v80 Corner ===================================

Group                    Internal    Switching      Leakage        Total
                            Power        Power        Power        Power (Watts)
------------------------------------------------------------------------
Sequential           9.269349e-05 1.262760e-06 2.784747e-10 9.395652e-05  46.1%
Combinational        6.851638e-05 4.128639e-05 1.035726e-09 1.098038e-04  53.9%
Macro                0.000000e+00 0.000000e+00 0.000000e+00 0.000000e+00   0.0%
Pad                  0.000000e+00 0.000000e+00 0.000000e+00 0.000000e+00   0.0%
------------------------------------------------------------------------
Total                1.612098e-04 4.254915e-05 1.314204e-09 2.037602e-04 100.0%
                            79.1%        20.9%         0.0%

