
===========================================================================
 report_power
============================================================================
======================= min_tt_025C_1v80 Corner ===================================

Group                    Internal    Switching      Leakage        Total
                            Power        Power        Power        Power (Watts)
------------------------------------------------------------------------
Sequential           1.496712e-04 3.874346e-06 4.472592e-10 1.535460e-04  47.8%
Combinational        9.106567e-05 7.671845e-05 2.726162e-09 1.677868e-04  52.2%
Macro                0.000000e+00 0.000000e+00 0.000000e+00 0.000000e+00   0.0%
Pad                  0.000000e+00 0.000000e+00 0.000000e+00 0.000000e+00   0.0%
------------------------------------------------------------------------
Total                2.407368e-04 8.059280e-05 3.173419e-09 3.213328e-04 100.0%
                            74.9%        25.1%         0.0%

